Component: ARM Compiler 5.06 update 7 (build 960) Tool: armlink [4d3601]

==============================================================================

Section Cross References

    main.o(.text) refers to oled_i2c.o(.text) for OLED_ShowCN
    main.o(.text) refers to delay.o(.text) for delay_init
    main.o(.text) refers to misc.o(.text) for NVIC_PriorityGroupConfig
    main.o(.text) refers to led.o(.text) for LED_Init
    main.o(.text) refers to adxl345.o(.text) for ADXL345_Init
    main.o(.text) refers to ds18b20.o(.text) for DS18B20_Init
    main.o(.text) refers to adc.o(.text) for Adc_Init
    main.o(.text) refers to timer.o(.text) for TIM3_Int_Init
    main.o(.text) refers to usart.o(.text) for uart_init
    main.o(.text) refers to key.o(.text) for KEY_Init
    main.o(.text) refers to exti.o(.text) for EXTIX_Init
    main.o(.text) refers to stmflash.o(.text) for STMFLASH_Read
    main.o(.text) refers to rtc.o(.text) for RTC_Init
    main.o(.text) refers to stm32f10x_tim.o(.text) for TIM_ITConfig
    main.o(.text) refers to pedometer.o(.text) for step_counter
    main.o(.text) refers to main.o(.constdata) for .constdata
    main.o(.text) refers to pedometer.o(.data) for STEPS_DIS
    main.o(.text) refers to timer.o(.data) for Timer_Flag
    main.o(.text) refers to main.o(.data) for TEXT_Buffer
    main.o(.text) refers to rtc.o(.bss) for calendar
    main.o(.text) refers to stm32f10x_gpio.o(.text) for GPIO_ReadInputDataBit
    main.o(.text) refers to fflti.o(.text) for __aeabi_i2f
    main.o(.text) refers to fdiv.o(.text) for __aeabi_fdiv
    main.o(.text) refers to f2d.o(.text) for __aeabi_f2d
    main.o(.text) refers to printfa.o(i.__0printf) for __2printf
    main.o(.text) refers to printfa.o(i.__0sprintf) for __2sprintf
    system_stm32f10x.o(.text) refers to system_stm32f10x.o(.data) for SystemCoreClock
    led.o(.text) refers to stm32f10x_rcc.o(.text) for RCC_APB2PeriphClockCmd
    led.o(.text) refers to stm32f10x_gpio.o(.text) for GPIO_Init
    timer.o(.text) refers to stm32f10x_rcc.o(.text) for RCC_APB1PeriphClockCmd
    timer.o(.text) refers to stm32f10x_tim.o(.text) for TIM_TimeBaseInit
    timer.o(.text) refers to misc.o(.text) for NVIC_Init
    timer.o(.text) refers to stm32f10x_adc.o(.text) for ADC_GetConversionValue
    timer.o(.text) refers to pedometer.o(.data) for ADXL345_FLAG
    timer.o(.text) refers to timer.o(.data) for Cnt
    timer.o(.text) refers to timer.o(.bss) for rate
    adc.o(.text) refers to stm32f10x_rcc.o(.text) for RCC_APB2PeriphClockCmd
    adc.o(.text) refers to stm32f10x_gpio.o(.text) for GPIO_Init
    adc.o(.text) refers to stm32f10x_adc.o(.text) for ADC_DeInit
    adc.o(.text) refers to delay.o(.text) for delay_ms
    adxl345.o(.text) refers to stm32f10x_rcc.o(.text) for RCC_APB2PeriphClockCmd
    adxl345.o(.text) refers to stm32f10x_gpio.o(.text) for GPIO_Init
    adxl345.o(.text) refers to delay.o(.text) for delay_us
    adxl345.o(.text) refers to adxl345.o(.data) for err
    oled_i2c.o(.text) refers to stm32f10x_rcc.o(.text) for RCC_APB2PeriphClockCmd
    oled_i2c.o(.text) refers to stm32f10x_gpio.o(.text) for GPIO_Init
    oled_i2c.o(.text) refers to delay.o(.text) for delay_us
    oled_i2c.o(.text) refers to oled_i2c.o(.constdata) for F6x8
    oled_i2c.o(.text) refers to oled_i2c.o(.data) for F16x16
    pedometer.o(.text) refers to adxl345.o(.text) for ADXL345_RD_XYZ
    pedometer.o(.text) refers to printfa.o(i.__0sprintf) for __2sprintf
    pedometer.o(.text) refers to adxl345.o(.data) for BUF
    pedometer.o(.text) refers to pedometer.o(.data) for array2
    ds18b20.o(.text) refers to stm32f10x_rcc.o(.text) for RCC_APB2PeriphClockCmd
    ds18b20.o(.text) refers to stm32f10x_gpio.o(.text) for GPIO_Init
    ds18b20.o(.text) refers to delay.o(.text) for delay_us
    ds18b20.o(.text) refers to fflti.o(.text) for __aeabi_i2f
    ds18b20.o(.text) refers to f2d.o(.text) for __aeabi_f2d
    ds18b20.o(.text) refers to dmul.o(.text) for __aeabi_dmul
    ds18b20.o(.text) refers to dfixi.o(.text) for __aeabi_d2iz
    rtc.o(.text) refers to misc.o(.text) for NVIC_Init
    rtc.o(.text) refers to stm32f10x_rtc.o(.text) for RTC_GetCounter
    rtc.o(.text) refers to stm32f10x_rcc.o(.text) for RCC_APB1PeriphClockCmd
    rtc.o(.text) refers to stm32f10x_pwr.o(.text) for PWR_BackupAccessCmd
    rtc.o(.text) refers to stm32f10x_bkp.o(.text) for BKP_ReadBackupRegister
    rtc.o(.text) refers to delay.o(.text) for delay_ms
    rtc.o(.text) refers to oled_i2c.o(.text) for OLED_ShowCN
    rtc.o(.text) refers to printfa.o(i.__0sprintf) for __2sprintf
    rtc.o(.text) refers to rtc.o(.constdata) for table_week
    rtc.o(.text) refers to rtc.o(.data) for daycnt
    rtc.o(.text) refers to rtc.o(.bss) for calendar
    key.o(.text) refers to stm32f10x_rcc.o(.text) for RCC_APB2PeriphClockCmd
    key.o(.text) refers to stm32f10x_gpio.o(.text) for GPIO_Init
[...]
    entry2.o(__vectab_stack_and_reset_area) refers to startup_stm32f10x_md.o(STACK) for __initial_sp
    entry2.o(__vectab_stack_and_reset_area) refers to entry.o(.ARM.Collect$$$$00000000) for __main
    entry5.o(.ARM.Collect$$$$00000004) refers to init.o(.text) for __scatterload
    entry9a.o(.ARM.Collect$$$$0000000B) refers to main.o(.text) for main
    entry9b.o(.ARM.Collect$$$$0000000C) refers to main.o(.text) for main
    uldiv.o(.text) refers to llushr.o(.text) for __aeabi_llsr
    uldiv.o(.text) refers to llshl.o(.text) for __aeabi_llsl
    depilogue.o(.text) refers to llshl.o(.text) for __aeabi_llsl
    depilogue.o(.text) refers to llushr.o(.text) for __aeabi_llsr
    dadd.o(.text) refers to llshl.o(.text) for __aeabi_llsl
    dadd.o(.text) refers to llsshr.o(.text) for __aeabi_lasr
    dadd.o(.text) refers to depilogue.o(.text) for _double_epilogue
    ddiv.o(.text) refers to depilogue.o(.text) for _double_round
    dfixul.o(.text) refers to llushr.o(.text) for __aeabi_llsr
    dfixul.o(.text) refers to llshl.o(.text) for __aeabi_llsl
    init.o(.text) refers to entry5.o(.ARM.Collect$$$$00000004) for __main_after_scatterload


==============================================================================

Removing Unused input sections from the image.

    Removing sys.o(.emb_text), (6 bytes).
    Removing sys.o(.text), (12 bytes).
    Removing core_cm3.o(.emb_text), (32 bytes).
    Removing startup_stm32f10x_md.o(HEAP), (1024 bytes).
    Removing stm32f10x_i2c.o(.text), (1028 bytes).

5 unused section(s) (total 2102 bytes) removed from the image.

==============================================================================

Image Symbol Table

    Local Symbols

    Symbol Name                              Value     Ov Type        Size  Object(Section)

    ../clib/../cmprslib/zerorunl2.c          0x00000000   Number         0  __dczerorl2.o ABSOLUTE
    ../clib/microlib/division.c              0x00000000   Number         0  uldiv.o ABSOLUTE
    ../clib/microlib/division.c              0x00000000   Number         0  uidiv.o ABSOLUTE
    ../clib/microlib/init/entry.s            0x00000000   Number         0  entry.o ABSOLUTE
    ../clib/microlib/init/entry.s            0x00000000   Number         0  entry11b.o ABSOLUTE
    ../clib/microlib/init/entry.s            0x00000000   Number         0  entry2.o ABSOLUTE
    ../clib/microlib/init/entry.s            0x00000000   Number         0  entry12b.o ABSOLUTE
    ../clib/microlib/init/entry.s            0x00000000   Number         0  entry5.o ABSOLUTE
    ../clib/microlib/init/entry.s            0x00000000   Number         0  entry9a.o ABSOLUTE
    ../clib/microlib/init/entry.s            0x00000000   Number         0  entry7a.o ABSOLUTE
    ../clib/microlib/init/entry.s            0x00000000   Number         0  entry9b.o ABSOLUTE
    ../clib/microlib/init/entry.s            0x00000000   Number         0  entry7b.o ABSOLUTE
    ../clib/microlib/init/entry.s            0x00000000   Number         0  entry12a.o ABSOLUTE
    ../clib/microlib/init/entry.s            0x00000000   Number         0  entry10a.o ABSOLUTE
    ../clib/microlib/init/entry.s            0x00000000   Number         0  entry10b.o ABSOLUTE
    ../clib/microlib/init/entry.s            0x00000000   Number         0  entry8a.o ABSOLUTE
    ../clib/microlib/init/entry.s            0x00000000   Number         0  entry11a.o ABSOLUTE
    ../clib/microlib/init/entry.s            0x00000000   Number         0  entry8b.o ABSOLUTE
    ../clib/microlib/longlong.c              0x00000000   Number         0  llushr.o ABSOLUTE
    ../clib/microlib/longlong.c              0x00000000   Number         0  llsshr.o ABSOLUTE
    ../clib/microlib/longlong.c              0x00000000   Number         0  llshl.o ABSOLUTE
    ../clib/microlib/printf/printf.c         0x00000000   Number         0  printf6.o ABSOLUTE
    ../clib/microlib/printf/printf.c         0x00000000   Number         0  printf5.o ABSOLUTE
    ../clib/microlib/printf/printf.c         0x00000000   Number         0  printf4.o ABSOLUTE
    ../clib/microlib/printf/printf.c         0x00000000   Number         0  printf3.o ABSOLUTE
    ../clib/microlib/printf/printf.c         0x00000000   Number         0  printf2.o ABSOLUTE
    ../clib/microlib/printf/printf.c         0x00000000   Number         0  printf0.o ABSOLUTE
    ../clib/microlib/printf/printf.c         0x00000000   Number         0  printfb.o ABSOLUTE
    ../clib/microlib/printf/printf.c         0x00000000   Number         0  printf1.o ABSOLUTE
    ../clib/microlib/printf/printf.c         0x00000000   Number         0  printf7.o ABSOLUTE
    ../clib/microlib/printf/printf.c         0x00000000   Number         0  printfa.o ABSOLUTE
    ../clib/microlib/printf/printf.c         0x00000000   Number         0  printf8.o ABSOLUTE
    ../clib/microlib/printf/stubs.s          0x00000000   Number         0  stubs.o ABSOLUTE
    ../clib/microlib/stubs.s                 0x00000000   Number         0  iusefp.o ABSOLUTE
    ../clib/microlib/stubs.s                 0x00000000   Number         0  useno.o ABSOLUTE
    ../fplib/microlib/f2d.c                  0x00000000   Number         0  f2d.o ABSOLUTE
    ../fplib/microlib/fpadd.c                0x00000000   Number         0  dadd.o ABSOLUTE
    ../fplib/microlib/fpdiv.c                0x00000000   Number         0  fdiv.o ABSOLUTE
    ../fplib/microlib/fpdiv.c                0x00000000   Number         0  ddiv.o ABSOLUTE
    ../fplib/microlib/fpepilogue.c           0x00000000   Number         0  depilogue.o ABSOLUTE
    ../fplib/microlib/fpepilogue.c           0x00000000   Number         0  fepilogue.o ABSOLUTE
    ../fplib/microlib/fpfix.c                0x00000000   Number         0  dfixi.o ABSOLUTE
    ../fplib/microlib/fpfix.c                0x00000000   Number         0  dfixul.o ABSOLUTE
    ../fplib/microlib/fpflt.c                0x00000000   Number         0  fflti.o ABSOLUTE
    ../fplib/microlib/fpmul.c                0x00000000   Number         0  dmul.o ABSOLUTE
    ..\CORE\core_cm3.c                       0x00000000   Number         0  core_cm3.o ABSOLUTE
    ..\CORE\startup_stm32f10x_md.s           0x00000000   Number         0  startup_stm32f10x_md.o ABSOLUTE
    ..\HARDWARE\ADC\ADC.C                    0x00000000   Number         0  adc.o ABSOLUTE
    ..\HARDWARE\ADXL345\adxl345.c            0x00000000   Number         0  adxl345.o ABSOLUTE
    ..\HARDWARE\DS18B20\ds18b20.c            0x00000000   Number         0  ds18b20.o ABSOLUTE
    ..\HARDWARE\EXTI\exti.c                  0x00000000   Number         0  exti.o ABSOLUTE
    ..\HARDWARE\KEY\key.c                    0x00000000   Number         0  key.o ABSOLUTE
    ..\HARDWARE\LED\led.c                    0x00000000   Number         0  led.o ABSOLUTE
    ..\HARDWARE\OLED\OLED_I2C.c              0x00000000   Number         0  oled_i2c.o ABSOLUTE
    ..\HARDWARE\Pedometer\Pedometer.c        0x00000000   Number         0  pedometer.o ABSOLUTE
    ..\HARDWARE\RTC\rtc.c                    0x00000000   Number         0  rtc.o ABSOLUTE
    ..\HARDWARE\Timer\timer.c                0x00000000   Number         0  timer.o ABSOLUTE
    ..\HARDWARE\stmflash\stmflash.c          0x00000000   Number         0  stmflash.o ABSOLUTE
    ..\STM32F10x_FWLib\src\misc.c            0x00000000   Number         0  misc.o ABSOLUTE
    ..\STM32F10x_FWLib\src\stm32f10x_adc.c   0x00000000   Number         0  stm32f10x_adc.o ABSOLUTE
    ..\STM32F10x_FWLib\src\stm32f10x_bkp.c   0x00000000   Number         0  stm32f10x_bkp.o ABSOLUTE
    ..\STM32F10x_FWLib\src\stm32f10x_exti.c  0x00000000   Number         0  stm32f10x_exti.o ABSOLUTE
    ..\STM32F10x_FWLib\src\stm32f10x_flash.c 0x00000000   Number         0  stm32f10x_flash.o ABSOLUTE
    ..\STM32F10x_FWLib\src\stm32f10x_gpio.c  0x00000000   Number         0  stm32f10x_gpio.o ABSOLUTE
    ..\STM32F10x_FWLib\src\stm32f10x_i2c.c   0x00000000   Number         0  stm32f10x_i2c.o ABSOLUTE
    ..\STM32F10x_FWLib\src\stm32f10x_pwr.c   0x00000000   Number         0  stm32f10x_pwr.o ABSOLUTE
    ..\STM32F10x_FWLib\src\stm32f10x_rcc.c   0x00000000   Number         0  stm32f10x_rcc.o ABSOLUTE
    ..\STM32F10x_FWLib\src\stm32f10x_rtc.c   0x00000000   Number         0  stm32f10x_rtc.o ABSOLUTE
    ..\STM32F10x_FWLib\src\stm32f10x_tim.c   0x00000000   Number         0  stm32f10x_tim.o ABSOLUTE
    ..\STM32F10x_FWLib\src\stm32f10x_usart.c 0x00000000   Number         0  stm32f10x_usart.o ABSOLUTE
    ..\SYSTEM\delay\delay.c                  0x00000000   Number         0  delay.o ABSOLUTE
    ..\SYSTEM\sys\sys.c                      0x00000000   Number         0  sys.o ABSOLUTE
    ..\SYSTEM\usart\usart.c                  0x00000000   Number         0  usart.o ABSOLUTE
    ..\\CORE\\core_cm3.c                     0x00000000   Number         0  core_cm3.o ABSOLUTE
    ..\\SYSTEM\\sys\\sys.c                   0x00000000   Number         0  sys.o ABSOLUTE
    cdrcmple.s                               0x00000000   Number         0  cdrcmple.o ABSOLUTE
    dc.s                                     0x00000000   Number         0  dc.o ABSOLUTE
    handlers.s                               0x00000000   Number         0  handlers.o ABSOLUTE
    init.s                                   0x00000000   Number         0  init.o ABSOLUTE
    main.c                                   0x00000000   Number         0  main.o ABSOLUTE
    stm32f10x_it.c                           0x00000000   Number         0  stm32f10x_it.o ABSOLUTE
    system_stm32f10x.c                       0x00000000   Number         0  system_stm32f10x.o ABSOLUTE
    RESET                                    0x08000000   Section      236  startup_stm32f10x_md.o(RESET)
    .ARM.Collect$$$$00000000                 0x080000ec   Section        0  entry.o(.ARM.Collect$$$$00000000)
    .ARM.Collect$$$$00000001                 0x080000ec   Section        4  entry2.o(.ARM.Collect$$$$00000001)
    .ARM.Collect$$$$00000004                 0x080000f0   Section        4  entry5.o(.ARM.Collect$$$$00000004)
    .ARM.Collect$$$$00000008                 0x080000f4   Section        0  entry7b.o(.ARM.Collect$$$$00000008)
    .ARM.Collect$$$$0000000A                 0x080000f4   Section        0  entry8b.o(.ARM.Collect$$$$0000000A)
    .ARM.Collect$$$$0000000B                 0x080000f4   Section        8  entry9a.o(.ARM.Collect$$$$0000000B)
    .ARM.Collect$$$$0000000E                 0x080000fc   Section        4  entry12b.o(.ARM.Collect$$$$0000000E)
    .ARM.Collect$$$$0000000F                 0x08000100   Section        0  entry10a.o(.ARM.Collect$$$$0000000F)
    .ARM.Collect$$$$00000011                 0x08000100   Section        0  entry11a.o(.ARM.Collect$$$$00000011)
    .ARM.Collect$$$$00002712                 0x08000100   Section        4  entry2.o(.ARM.Collect$$$$00002712)
    __lit__00000000                          0x08000100   Data           4  entry2.o(.ARM.Collect$$$$00002712)
    .text                                    0x08000104   Section        0  main.o(.text)
    .text                                    0x08000718   Section        0  stm32f10x_it.o(.text)
    .text                                    0x08000734   Section        0  system_stm32f10x.o(.text)
    SetSysClockTo72                          0x08000735   Thumb Code   214  system_stm32f10x.o(.text)
    SetSysClock                              0x0800080b   Thumb Code     8  system_stm32f10x.o(.text)
    .text                                    0x08000914   Section        0  led.o(.text)
    .text                                    0x0800094c   Section        0  timer.o(.text)
    .text                                    0x08000cb8   Section        0  adc.o(.text)
    .text                                    0x08000db4   Section        0  adxl345.o(.text)
    .text                                    0x080010bc   Section        0  oled_i2c.o(.text)
    .text                                    0x08001610   Section        0  pedometer.o(.text)
    .text                                    0x08001ad0   Section        0  ds18b20.o(.text)
    .text                                    0x08001d28   Section        0  rtc.o(.text)
    RTC_NVIC_Config                          0x08001d29   Thumb Code    34  rtc.o(.text)
    .text                                    0x080021f8   Section        0  key.o(.text)
    .text                                    0x08002650   Section        0  stmflash.o(.text)
    .text                                    0x08002794   Section        0  exti.o(.text)
    .text                                    0x08002830   Section        0  delay.o(.text)
    .text                                    0x08002904   Section        0  usart.o(.text)
    .text                                    0x080029e8   Section       36  startup_stm32f10x_md.o(.text)
    .text                                    0x08002a0c   Section        0  misc.o(.text)
    .text                                    0x08002ae8   Section        0  stm32f10x_gpio.o(.text)
    .text                                    0x08002e44   Section        0  stm32f10x_rcc.o(.text)
    .text                                    0x080031e8   Section        0  stm32f10x_usart.o(.text)
    .text                                    0x080035f0   Section        0  stm32f10x_adc.o(.text)
    .text                                    0x08003a40   Section        0  stm32f10x_tim.o(.text)
    TI4_Config                               0x08003ee7   Thumb Code   130  stm32f10x_tim.o(.text)
    TI3_Config                               0x08003f7b   Thumb Code   122  stm32f10x_tim.o(.text)
    TI2_Config                               0x0800400f   Thumb Code   130  stm32f10x_tim.o(.text)
    TI1_Config                               0x080040a3   Thumb Code   108  stm32f10x_tim.o(.text)
    .text                                    0x0800485c   Section        0  stm32f10x_rtc.o(.text)
    .text                                    0x080049a4   Section        0  stm32f10x_pwr.o(.text)
    .text                                    0x08004a70   Section        0  stm32f10x_bkp.o(.text)
    .text                                    0x08004b34   Section        0  stm32f10x_flash.o(.text)
    .text                                    0x080050f0   Section        0  stm32f10x_exti.o(.text)
    .text                                    0x0800520c   Section        0  fdiv.o(.text)
    .text                                    0x08005288   Section        0  dmul.o(.text)
    .text                                    0x0800536c   Section        0  fflti.o(.text)
    .text                                    0x0800537e   Section        0  dfixi.o(.text)
    .text                                    0x080053bc   Section        0  f2d.o(.text)
    .text                                    0x080053e2   Section        0  uidiv.o(.text)
    .text                                    0x0800540e   Section        0  uldiv.o(.text)
    .text                                    0x08005470   Section        0  llushr.o(.text)
    .text                                    0x08005490   Section        0  fepilogue.o(.text)
    .text                                    0x08005490   Section        0  iusefp.o(.text)
    .text                                    0x080054fe   Section        0  depilogue.o(.text)
    .text                                    0x080055b8   Section        0  dadd.o(.text)
    .text                                    0x08005706   Section        0  ddiv.o(.text)
    .text                                    0x080057e4   Section        0  dfixul.o(.text)
    .text                                    0x08005814   Section       48  cdrcmple.o(.text)
    .text                                    0x08005844   Section       36  init.o(.text)
    .text                                    0x08005868   Section        0  llshl.o(.text)
    .text                                    0x08005886   Section        0  llsshr.o(.text)
    .text                                    0x080058aa   Section        0  __dczerorl2.o(.text)
    i.__0printf                              0x08005900   Section        0  printfa.o(i.__0printf)
    i.__0sprintf                             0x08005920   Section        0  printfa.o(i.__0sprintf)
    i.__scatterload_copy                     0x08005948   Section       14  handlers.o(i.__scatterload_copy)
    i.__scatterload_null                     0x08005956   Section        2  handlers.o(i.__scatterload_null)
    i.__scatterload_zeroinit                 0x08005958   Section       14  handlers.o(i.__scatterload_zeroinit)
    i._fp_digits                             0x08005968   Section        0  printfa.o(i._fp_digits)
    _fp_digits                               0x08005969   Thumb Code   366  printfa.o(i._fp_digits)
    i._printf_core                           0x08005aec   Section        0  printfa.o(i._printf_core)
    _printf_core                             0x08005aed   Thumb Code  1704  printfa.o(i._printf_core)
    i._printf_post_padding                   0x080061a0   Section        0  printfa.o(i._printf_post_padding)
    _printf_post_padding                     0x080061a1   Thumb Code    36  printfa.o(i._printf_post_padding)
    i._printf_pre_padding                    0x080061c4   Section        0  printfa.o(i._printf_pre_padding)
    _printf_pre_padding                      0x080061c5   Thumb Code    46  printfa.o(i._printf_pre_padding)
    i._sputc                                 0x080061f2   Section        0  printfa.o(i._sputc)
    _sputc                                   0x080061f3   Thumb Code    10  printfa.o(i._sputc)
    .constdata                               0x080061fc   Section       16  main.o(.constdata)
    .constdata                               0x0800620c   Section     2072  oled_i2c.o(.constdata)
    .constdata                               0x08006a24   Section       24  rtc.o(.constdata)
    .data                                    0x20000000   Section       16  main.o(.data)
    .data                                    0x20000010   Section       20  system_stm32f10x.o(.data)
    .data                                    0x20000024   Section       60  timer.o(.data)
    t                                        0x20000056   Data           1  timer.o(.data)
    Cnt                                      0x20000058   Data           4  timer.o(.data)
    Cnt1                                     0x2000005c   Data           4  timer.o(.data)
    .data                                    0x20000060   Section        7  adxl345.o(.data)
    err                                      0x20000066   Data           1  adxl345.o(.data)
    .data                                    0x20000067   Section     1984  oled_i2c.o(.data)
    .data                                    0x20000828   Section      113  pedometer.o(.data)
    sampling_counter                         0x20000898   Data           1  pedometer.o(.data)
    .data                                    0x2000089a   Section        3  rtc.o(.data)
    daycnt                                   0x2000089a   Data           2  rtc.o(.data)
    time_state                               0x2000089c   Data           1  rtc.o(.data)
    .data                                    0x2000089e   Section        4  delay.o(.data)
    fac_us                                   0x2000089e   Data           1  delay.o(.data)
    fac_ms                                   0x200008a0   Data           2  delay.o(.data)
    .data                                    0x200008a4   Section        4  usart.o(.data)
    .data                                    0x200008a8   Section       20  stm32f10x_rcc.o(.data)
    APBAHBPrescTable                         0x200008a8   Data          16  stm32f10x_rcc.o(.data)
    ADCPrescTable                            0x200008b8   Data           4  stm32f10x_rcc.o(.data)
    .bss                                     0x200008bc   Section       40  timer.o(.bss)
    .bss                                     0x200008e4   Section       10  rtc.o(.bss)
    .bss                                     0x200008ee   Section     1024  stmflash.o(.bss)
    STACK                                    0x20000cf0   Section     1024  startup_stm32f10x_md.o(STACK)

    Global Symbols

    Symbol Name                              Value     Ov Type        Size  Object(Section)

    BuildAttributes$$THM_ISAv4$P$D$K$B$S$PE$A:L22UL41UL21$X:L11$S22US41US21$IEEE1$IW$USESV6$~STKCKD$USESV7$~SHL$OTIME$ROPI$EBA8$MICROLIB$REQ8$PRES8$EABIv2 0x00000000   Number         0  anon$$obj.o ABSOLUTE
    __ARM_use_no_argv                        0x00000000   Number         0  main.o ABSOLUTE
    __use_no_errno                           0x00000000   Number         0  useno.o ABSOLUTE
    __use_no_exception_handling              0x00000000   Number         0  useno.o ABSOLUTE
    __use_no_fp                              0x00000000   Number         0  useno.o ABSOLUTE
    __use_no_heap                            0x00000000   Number         0  useno.o ABSOLUTE
    __use_no_heap_region                     0x00000000   Number         0  useno.o ABSOLUTE
    __use_no_semihosting                     0x00000000   Number         0  useno.o ABSOLUTE
    __use_no_semihosting_swi                 0x00000000   Number         0  useno.o ABSOLUTE
    __use_no_signal_handling                 0x00000000   Number         0  useno.o ABSOLUTE
    _printf_a                                0x00000000   Number         0  stubs.o ABSOLUTE
    _printf_c                                0x00000000   Number         0  stubs.o ABSOLUTE
    _printf_charcount                        0x00000000   Number         0  stubs.o ABSOLUTE
    _printf_d                                0x00000000   Number         0  stubs.o ABSOLUTE
    _printf_e                                0x00000000   Number         0  stubs.o ABSOLUTE
    _printf_f                                0x00000000   Number         0  stubs.o ABSOLUTE
    _printf_flags                            0x00000000   Number         0  stubs.o ABSOLUTE
    _printf_fp_dec                           0x00000000   Number         0  stubs.o ABSOLUTE
    _printf_fp_hex                           0x00000000   Number         0  stubs.o ABSOLUTE
    _printf_g                                0x00000000   Number         0  stubs.o ABSOLUTE
    _printf_i                                0x00000000   Number         0  stubs.o ABSOLUTE
    _printf_int_dec                          0x00000000   Number         0  stubs.o ABSOLUTE
    _printf_l                                0x00000000   Number         0  stubs.o ABSOLUTE
    _printf_lc                               0x00000000   Number         0  stubs.o ABSOLUTE
    _printf_ll                               0x00000000   Number         0  stubs.o ABSOLUTE
    _printf_lld                              0x00000000   Number         0  stubs.o ABSOLUTE
    _printf_lli                              0x00000000   Number         0  stubs.o ABSOLUTE
    _printf_llo                              0x00000000   Number         0  stubs.o ABSOLUTE
    _printf_llu                              0x00000000   Number         0  stubs.o ABSOLUTE
    _printf_llx                              0x00000000   Number         0  stubs.o ABSOLUTE
    _printf_longlong_dec                     0x00000000   Number         0  stubs.o ABSOLUTE
    _printf_longlong_hex                     0x00000000   Number         0  stubs.o ABSOLUTE
    _printf_longlong_oct                     0x00000000   Number         0  stubs.o ABSOLUTE
    _printf_ls                               0x00000000   Number         0  stubs.o ABSOLUTE
    _printf_mbtowc                           0x00000000   Number         0  stubs.o ABSOLUTE
    _printf_n                                0x00000000   Number         0  stubs.o ABSOLUTE
    _printf_o                                0x00000000   Number         0  stubs.o ABSOLUTE
    _printf_p                                0x00000000   Number         0  stubs.o ABSOLUTE
    _printf_percent                          0x00000000   Number         0  stubs.o ABSOLUTE
    _printf_pre_padding                      0x00000000   Number         0  stubs.o ABSOLUTE
    _printf_return_value                     0x00000000   Number         0  stubs.o ABSOLUTE
    _printf_s                                0x00000000   Number         0  stubs.o ABSOLUTE
    _printf_sizespec                         0x00000000   Number         0  stubs.o ABSOLUTE
    _printf_str                              0x00000000   Number         0  stubs.o ABSOLUTE
    _printf_truncate_signed                  0x00000000   Number         0  stubs.o ABSOLUTE
    _printf_truncate_unsigned                0x00000000   Number         0  stubs.o ABSOLUTE
    _printf_u                                0x00000000   Number         0  stubs.o ABSOLUTE
    _printf_wc                               0x00000000   Number         0  stubs.o ABSOLUTE
    _printf_wctomb                           0x00000000   Number         0  stubs.o ABSOLUTE
    _printf_widthprec                        0x00000000   Number         0  stubs.o ABSOLUTE
    _printf_x                                0x00000000   Number         0  stubs.o ABSOLUTE
    __arm_fini_                               - Undefined Weak Reference
    __cpp_initialize__aeabi_                  - Undefined Weak Reference
    __cxa_finalize                            - Undefined Weak Reference
    _clock_init                               - Undefined Weak Reference
    _microlib_exit                            - Undefined Weak Reference
    __Vectors_Size                           0x000000ec   Number         0  startup_stm32f10x_md.o ABSOLUTE
    __Vectors                                0x08000000   Data           4  startup_stm32f10x_md.o(RESET)
    __Vectors_End                            0x080000ec   Data           0  startup_stm32f10x_md.o(RESET)
    __main                                   0x080000ed   Thumb Code     0  entry.o(.ARM.Collect$$$$00000000)
    _main_stk                                0x080000ed   Thumb Code     0  entry2.o(.ARM.Collect$$$$00000001)
    _main_scatterload                        0x080000f1   Thumb Code     0  entry5.o(.ARM.Collect$$$$00000004)
    __main_after_scatterload                 0x080000f5   Thumb Code     0  entry5.o(.ARM.Collect$$$$00000004)
    _main_clock                              0x080000f5   Thumb Code     0  entry7b.o(.ARM.Collect$$$$00000008)
    _main_cpp_init                           0x080000f5   Thumb Code     0  entry8b.o(.ARM.Collect$$$$0000000A)
    _main_init                               0x080000f5   Thumb Code     0  entry9a.o(.ARM.Collect$$$$0000000B)
    __rt_lib_shutdown_fini                   0x080000fd   Thumb Code     0  entry12b.o(.ARM.Collect$$$$0000000E)
    __rt_final_cpp                           0x08000101   Thumb Code     0  entry10a.o(.ARM.Collect$$$$0000000F)
    __rt_final_exit                          0x08000101   Thumb Code     0  entry11a.o(.ARM.Collect$$$$00000011)
    Dis_Init                                 0x08000105   Thumb Code    76  main.o(.text)
    main                                     0x08000151   Thumb Code  1386  main.o(.text)
    NMI_Handler                              0x08000719   Thumb Code     2  stm32f10x_it.o(.text)
    HardFault_Handler                        0x0800071b   Thumb Code     4  stm32f10x_it.o(.text)
    MemManage_Handler                        0x0800071f   Thumb Code     4  stm32f10x_it.o(.text)
    BusFault_Handler                         0x08000723   Thumb Code     4  stm32f10x_it.o(.text)
    UsageFault_Handler                       0x08000727   Thumb Code     4  stm32f10x_it.o(.text)
    SVC_Handler                              0x0800072b   Thumb Code     2  stm32f10x_it.o(.text)
    DebugMon_Handler                         0x0800072d   Thumb Code     2  stm32f10x_it.o(.text)
    PendSV_Handler                           0x0800072f   Thumb Code     2  stm32f10x_it.o(.text)
    SysTick_Handler                          0x08000731   Thumb Code     2  stm32f10x_it.o(.text)
    SystemInit                               0x08000813   Thumb Code    78  system_stm32f10x.o(.text)
    SystemCoreClockUpdate                    0x08000861   Thumb Code   142  system_stm32f10x.o(.text)
    LED_Init                                 0x08000915   Thumb Code    50  led.o(.text)
    TIM2_Int_Init                            0x0800094d   Thumb Code    92  timer.o(.text)
    TIM2_IRQHandler                          0x080009a9   Thumb Code    84  timer.o(.text)
    TIM3_Int_Init                            0x080009fd   Thumb Code   120  timer.o(.text)
    TIM3_IRQHandler                          0x08000a75   Thumb Code   492  timer.o(.text)
    Adc_Init                                 0x08000cb9   Thumb Code   152  adc.o(.text)
    Get_Adc                                  0x08000d51   Thumb Code    46  adc.o(.text)
    Get_Adc_Average                          0x08000d7f   Thumb Code    46  adc.o(.text)
    SDA_IN                                   0x08000db5   Thumb Code    40  adxl345.o(.text)
    SDA_OUT                                  0x08000ddd   Thumb Code    40  adxl345.o(.text)
    IIC_Init                                 0x08000e05   Thumb Code    50  adxl345.o(.text)
    ADXL345_Start                            0x08000e37   Thumb Code    46  adxl345.o(.text)
    ADXL345_Stop                             0x08000e65   Thumb Code    40  adxl345.o(.text)
    ADXL345_SendACK                          0x08000e8d   Thumb Code    42  adxl345.o(.text)
    ADXL345_RecvACK                          0x08000eb7   Thumb Code    76  adxl345.o(.text)
    ADXL345_SendByte                         0x08000f03   Thumb Code    84  adxl345.o(.text)
    ADXL345_RecvByte                         0x08000f57   Thumb Code    86  adxl345.o(.text)
    ADXL345_Write_Single                     0x08000fad   Thumb Code    34  adxl345.o(.text)
    ADXL345_Read_Single                      0x08000fcf   Thumb Code    50  adxl345.o(.text)
    ADXL345_Init                             0x08001001   Thumb Code    96  adxl345.o(.text)
    ADXL345_RD_XYZ                           0x08001061   Thumb Code    74  adxl345.o(.text)
    IIC_Init2                                0x080010bd   Thumb Code    46  oled_i2c.o(.text)
    IIC_Start                                0x080010eb   Thumb Code    48  oled_i2c.o(.text)
    IIC_Stop                                 0x0800111b   Thumb Code    52  oled_i2c.o(.text)
    IIC_Wait_Ack                             0x0800114f   Thumb Code    76  oled_i2c.o(.text)
    IIC_Ack                                  0x0800119b   Thumb Code    56  oled_i2c.o(.text)
    IIC_NAck                                 0x080011d3   Thumb Code    54  oled_i2c.o(.text)
    IIC_Send_Byte                            0x08001209   Thumb Code    82  oled_i2c.o(.text)
    IIC_Read_Byte                            0x0800125b   Thumb Code    78  oled_i2c.o(.text)
    WriteCmd                                 0x080012a9   Thumb Code    44  oled_i2c.o(.text)
    WriteDat                                 0x080012d5   Thumb Code    44  oled_i2c.o(.text)
    OLED_Init                                0x08001301   Thumb Code   182  oled_i2c.o(.text)
    OLED_SetPos                              0x080013b7   Thumb Code    40  oled_i2c.o(.text)
    OLED_Fill                                0x080013df   Thumb Code    58  oled_i2c.o(.text)
    OLED_CLS                                 0x08001419   Thumb Code    10  oled_i2c.o(.text)
    OLED_ON                                  0x08001423   Thumb Code    22  oled_i2c.o(.text)
    OLED_OFF                                 0x08001439   Thumb Code    22  oled_i2c.o(.text)
    OLED_ShowStr                             0x0800144f   Thumb Code   244  oled_i2c.o(.text)
    OLED_ShowCN                              0x08001543   Thumb Code    80  oled_i2c.o(.text)
    OLED_DrawBMP                             0x08001593   Thumb Code   116  oled_i2c.o(.text)
    step_counter                             0x08001611   Thumb Code  1192  pedometer.o(.text)
    DS18B20_IO_IN                            0x08001ad1   Thumb Code    38  ds18b20.o(.text)
    DS18B20_IO_OUT                           0x08001af7   Thumb Code    38  ds18b20.o(.text)
    DS18B20_Rst                              0x08001b1d   Thumb Code    36  ds18b20.o(.text)
    DS18B20_Check                            0x08001b41   Thumb Code    78  ds18b20.o(.text)
    DS18B20_Read_Bit                         0x08001b8f   Thumb Code    60  ds18b20.o(.text)
    DS18B20_Read_Byte                        0x08001bcb   Thumb Code    34  ds18b20.o(.text)
    DS18B20_Write_Byte                       0x08001bed   Thumb Code    84  ds18b20.o(.text)
    DS18B20_Start                            0x08001c41   Thumb Code    24  ds18b20.o(.text)
    DS18B20_Init                             0x08001c59   Thumb Code    54  ds18b20.o(.text)
    DS18B20_Get_Temp                         0x08001c8f   Thumb Code   136  ds18b20.o(.text)
    RTC_Get_Week                             0x08001d4b   Thumb Code   116  rtc.o(.text)
    Is_Leap_Year                             0x08001dbf   Thumb Code    58  rtc.o(.text)
    RTC_Get                                  0x08001df9   Thumb Code   240  rtc.o(.text)
    RTC_Set                                  0x08001ee9   Thumb Code   184  rtc.o(.text)
    RTC_Init                                 0x08001fa1   Thumb Code   192  rtc.o(.text)
    RTC_IRQHandler                           0x08002061   Thumb Code    26  rtc.o(.text)
    RTC_Display                              0x0800207b   Thumb Code   316  rtc.o(.text)
    KEY_Init                                 0x080021f9   Thumb Code    34  key.o(.text)
    Key_set                                  0x0800221b   Thumb Code   942  key.o(.text)
    STMFLASH_ReadHalfWord                    0x08002651   Thumb Code     6  stmflash.o(.text)
    STMFLASH_Write_NoCheck                   0x08002657   Thumb Code    38  stmflash.o(.text)
    STMFLASH_Read                            0x0800267d   Thumb Code    34  stmflash.o(.text)
    STMFLASH_Write                           0x0800269f   Thumb Code   222  stmflash.o(.text)
    Test_Write                               0x0800277d   Thumb Code    16  stmflash.o(.text)
    EXTIX_Init                               0x08002795   Thumb Code   106  exti.o(.text)
    EXTI9_5_IRQHandler                       0x080027ff   Thumb Code    42  exti.o(.text)
    delay_init                               0x08002831   Thumb Code    50  delay.o(.text)
    delay_us                                 0x08002863   Thumb Code    72  delay.o(.text)
    delay_ms                                 0x080028ab   Thumb Code    72  delay.o(.text)
    _sys_exit                                0x08002905   Thumb Code     6  usart.o(.text)
    fputc                                    0x0800290b   Thumb Code    24  usart.o(.text)
    uart_init                                0x08002923   Thumb Code   154  usart.o(.text)
    USART1_IRQHandler                        0x080029bd   Thumb Code    34  usart.o(.text)
    Reset_Handler                            0x080029e9   Thumb Code     8  startup_stm32f10x_md.o(.text)
    ADC1_2_IRQHandler                        0x08002a03   Thumb Code     0  startup_stm32f10x_md.o(.text)
    CAN1_RX1_IRQHandler                      0x08002a03   Thumb Code     0  startup_stm32f10x_md.o(.text)
    CAN1_SCE_IRQHandler                      0x08002a03   Thumb Code     0  startup_stm32f10x_md.o(.text)
    DMA1_Channel1_IRQHandler                 0x08002a03   Thumb Code     0  startup_stm32f10x_md.o(.text)
    DMA1_Channel2_IRQHandler                 0x08002a03   Thumb Code     0  startup_stm32f10x_md.o(.text)
    DMA1_Channel3_IRQHandler                 0x08002a03   Thumb Code     0  startup_stm32f10x_md.o(.text)
    DMA1_Channel4_IRQHandler                 0x08002a03   Thumb Code     0  startup_stm32f10x_md.o(.text)
    DMA1_Channel5_IRQHandler                 0x08002a03   Thumb Code     0  startup_stm32f10x_md.o(.text)
    DMA1_Channel6_IRQHandler                 0x08002a03   Thumb Code     0  startup_stm32f10x_md.o(.text)
    DMA1_Channel7_IRQHandler                 0x08002a03   Thumb Code     0  startup_stm32f10x_md.o(.text)
    EXTI0_IRQHandler                         0x08002a03   Thumb Code     0  startup_stm32f10x_md.o(.text)
    EXTI15_10_IRQHandler                     0x08002a03   Thumb Code     0  startup_stm32f10x_md.o(.text)
    EXTI1_IRQHandler                         0x08002a03   Thumb Code     0  startup_stm32f10x_md.o(.text)
    EXTI2_IRQHandler                         0x08002a03   Thumb Code     0  startup_stm32f10x_md.o(.text)
    EXTI3_IRQHandler                         0x08002a03   Thumb Code     0  startup_stm32f10x_md.o(.text)
    EXTI4_IRQHandler                         0x08002a03   Thumb Code     0  startup_stm32f10x_md.o(.text)
    FLASH_IRQHandler                         0x08002a03   Thumb Code     0  startup_stm32f10x_md.o(.text)
    I2C1_ER_IRQHandler                       0x08002a03   Thumb Code     0  startup_stm32f10x_md.o(.text)
    I2C1_EV_IRQHandler                       0x08002a03   Thumb Code     0  startup_stm32f10x_md.o(.text)
    I2C2_ER_IRQHandler                       0x08002a03   Thumb Code     0  startup_stm32f10x_md.o(.text)
    I2C2_EV_IRQHandler                       0x08002a03   Thumb Code     0  startup_stm32f10x_md.o(.text)
    PVD_IRQHandler                           0x08002a03   Thumb Code     0  startup_stm32f10x_md.o(.text)
    RCC_IRQHandler                           0x08002a03   Thumb Code     0  startup_stm32f10x_md.o(.text)
    RTCAlarm_IRQHandler                      0x08002a03   Thumb Code     0  startup_stm32f10x_md.o(.text)
    SPI1_IRQHandler                          0x08002a03   Thumb Code     0  startup_stm32f10x_md.o(.text)
    SPI2_IRQHandler                          0x08002a03   Thumb Code     0  startup_stm32f10x_md.o(.text)
    TAMPER_IRQHandler                        0x08002a03   Thumb Code     0  startup_stm32f10x_md.o(.text)
    TIM1_BRK_IRQHandler                      0x08002a03   Thumb Code     0  startup_stm32f10x_md.o(.text)
    TIM1_CC_IRQHandler                       0x08002a03   Thumb Code     0  startup_stm32f10x_md.o(.text)
    TIM1_TRG_COM_IRQHandler                  0x08002a03   Thumb Code     0  startup_stm32f10x_md.o(.text)
    TIM1_UP_IRQHandler                       0x08002a03   Thumb Code     0  startup_stm32f10x_md.o(.text)
    TIM4_IRQHandler                          0x08002a03   Thumb Code     0  startup_stm32f10x_md.o(.text)
    USART2_IRQHandler                        0x08002a03   Thumb Code     0  startup_stm32f10x_md.o(.text)
    USART3_IRQHandler                        0x08002a03   Thumb Code     0  startup_stm32f10x_md.o(.text)
    USBWakeUp_IRQHandler                     0x08002a03   Thumb Code     0  startup_stm32f10x_md.o(.text)
    USB_HP_CAN1_TX_IRQHandler                0x08002a03   Thumb Code     0  startup_stm32f10x_md.o(.text)
    USB_LP_CAN1_RX0_IRQHandler               0x08002a03   Thumb Code     0  startup_stm32f10x_md.o(.text)
    WWDG_IRQHandler                          0x08002a03   Thumb Code     0  startup_stm32f10x_md.o(.text)
    NVIC_PriorityGroupConfig                 0x08002a0d   Thumb Code    10  misc.o(.text)
    NVIC_Init                                0x08002a17   Thumb Code   100  misc.o(.text)
    NVIC_SetVectorTable                      0x08002a7b   Thumb Code    14  misc.o(.text)
    NVIC_SystemLPConfig                      0x08002a89   Thumb Code    34  misc.o(.text)
    SysTick_CLKSourceConfig                  0x08002aab   Thumb Code    40  misc.o(.text)
    GPIO_DeInit                              0x08002ae9   Thumb Code   172  stm32f10x_gpio.o(.text)
    GPIO_AFIODeInit                          0x08002b95   Thumb Code    20  stm32f10x_gpio.o(.text)
    GPIO_Init                                0x08002ba9   Thumb Code   278  stm32f10x_gpio.o(.text)
    GPIO_StructInit                          0x08002cbf   Thumb Code    16  stm32f10x_gpio.o(.text)
    GPIO_ReadInputDataBit                    0x08002ccf   Thumb Code    18  stm32f10x_gpio.o(.text)
    GPIO_ReadInputData                       0x08002ce1   Thumb Code     8  stm32f10x_gpio.o(.text)
    GPIO_ReadOutputDataBit                   0x08002ce9   Thumb Code    18  stm32f10x_gpio.o(.text)
    GPIO_ReadOutputData                      0x08002cfb   Thumb Code     8  stm32f10x_gpio.o(.text)
    GPIO_SetBits                             0x08002d03   Thumb Code     4  stm32f10x_gpio.o(.text)
    GPIO_ResetBits                           0x08002d07   Thumb Code     4  stm32f10x_gpio.o(.text)
    GPIO_WriteBit                            0x08002d0b   Thumb Code    10  stm32f10x_gpio.o(.text)
    GPIO_Write                               0x08002d15   Thumb Code     4  stm32f10x_gpio.o(.text)
    GPIO_PinLockConfig                       0x08002d19   Thumb Code    18  stm32f10x_gpio.o(.text)
    GPIO_EventOutputConfig                   0x08002d2b   Thumb Code    26  stm32f10x_gpio.o(.text)
    GPIO_EventOutputCmd                      0x08002d45   Thumb Code     6  stm32f10x_gpio.o(.text)
    GPIO_PinRemapConfig                      0x08002d4b   Thumb Code   138  stm32f10x_gpio.o(.text)
    GPIO_EXTILineConfig                      0x08002dd5   Thumb Code    66  stm32f10x_gpio.o(.text)
    GPIO_ETH_MediaInterfaceConfig            0x08002e17   Thumb Code     8  stm32f10x_gpio.o(.text)
    RCC_DeInit                               0x08002e45   Thumb Code    64  stm32f10x_rcc.o(.text)
    RCC_HSEConfig                            0x08002e85   Thumb Code    70  stm32f10x_rcc.o(.text)
    RCC_GetFlagStatus                        0x08002ecb   Thumb Code    56  stm32f10x_rcc.o(.text)
    RCC_WaitForHSEStartUp                    0x08002f03   Thumb Code    56  stm32f10x_rcc.o(.text)
    RCC_AdjustHSICalibrationValue            0x08002f3b   Thumb Code    20  stm32f10x_rcc.o(.text)
    RCC_HSICmd                               0x08002f4f   Thumb Code     6  stm32f10x_rcc.o(.text)
    RCC_PLLConfig                            0x08002f55   Thumb Code    24  stm32f10x_rcc.o(.text)
    RCC_PLLCmd                               0x08002f6d   Thumb Code     6  stm32f10x_rcc.o(.text)
    RCC_SYSCLKConfig                         0x08002f73   Thumb Code    18  stm32f10x_rcc.o(.text)
    RCC_GetSYSCLKSource                      0x08002f85   Thumb Code    10  stm32f10x_rcc.o(.text)
    RCC_HCLKConfig                           0x08002f8f   Thumb Code    18  stm32f10x_rcc.o(.text)
    RCC_PCLK1Config                          0x08002fa1   Thumb Code    18  stm32f10x_rcc.o(.text)
    RCC_PCLK2Config                          0x08002fb3   Thumb Code    20  stm32f10x_rcc.o(.text)
    RCC_ITConfig                             0x08002fc7   Thumb Code    26  stm32f10x_rcc.o(.text)
    RCC_USBCLKConfig                         0x08002fe1   Thumb Code     8  stm32f10x_rcc.o(.text)
    RCC_ADCCLKConfig                         0x08002fe9   Thumb Code    18  stm32f10x_rcc.o(.text)
    RCC_LSEConfig                            0x08002ffb   Thumb Code    50  stm32f10x_rcc.o(.text)
    RCC_LSICmd                               0x0800302d   Thumb Code     6  stm32f10x_rcc.o(.text)
    RCC_RTCCLKConfig                         0x08003033   Thumb Code    12  stm32f10x_rcc.o(.text)
    RCC_RTCCLKCmd                            0x0800303f   Thumb Code     8  stm32f10x_rcc.o(.text)
    RCC_GetClocksFreq                        0x08003047   Thumb Code   192  stm32f10x_rcc.o(.text)
    RCC_AHBPeriphClockCmd                    0x08003107   Thumb Code    26  stm32f10x_rcc.o(.text)
    RCC_APB2PeriphClockCmd                   0x08003121   Thumb Code    26  stm32f10x_rcc.o(.text)
    RCC_APB1PeriphClockCmd                   0x0800313b   Thumb Code    26  stm32f10x_rcc.o(.text)
    RCC_APB2PeriphResetCmd                   0x08003155   Thumb Code    26  stm32f10x_rcc.o(.text)
    RCC_APB1PeriphResetCmd                   0x0800316f   Thumb Code    26  stm32f10x_rcc.o(.text)
    RCC_BackupResetCmd                       0x08003189   Thumb Code     8  stm32f10x_rcc.o(.text)
    RCC_ClockSecuritySystemCmd               0x08003191   Thumb Code     6  stm32f10x_rcc.o(.text)
    RCC_MCOConfig                            0x08003197   Thumb Code     6  stm32f10x_rcc.o(.text)
    RCC_ClearFlag                            0x0800319d   Thumb Code    14  stm32f10x_rcc.o(.text)
    RCC_GetITStatus                          0x080031ab   Thumb Code    20  stm32f10x_rcc.o(.text)
    RCC_ClearITPendingBit                    0x080031bf   Thumb Code     6  stm32f10x_rcc.o(.text)
    USART_DeInit                             0x080031e9   Thumb Code   134  stm32f10x_usart.o(.text)
    USART_Init                               0x0800326f   Thumb Code   210  stm32f10x_usart.o(.text)
    USART_StructInit                         0x08003341   Thumb Code    24  stm32f10x_usart.o(.text)
    USART_ClockInit                          0x08003359   Thumb Code    34  stm32f10x_usart.o(.text)
    USART_ClockStructInit                    0x0800337b   Thumb Code    12  stm32f10x_usart.o(.text)
    USART_Cmd                                0x08003387   Thumb Code    24  stm32f10x_usart.o(.text)
    USART_ITConfig                           0x0800339f   Thumb Code    74  stm32f10x_usart.o(.text)
    USART_DMACmd                             0x080033e9   Thumb Code    18  stm32f10x_usart.o(.text)
    USART_SetAddress                         0x080033fb   Thumb Code    18  stm32f10x_usart.o(.text)
    USART_WakeUpConfig                       0x0800340d   Thumb Code    18  stm32f10x_usart.o(.text)
    USART_ReceiverWakeUpCmd                  0x0800341f   Thumb Code    24  stm32f10x_usart.o(.text)
    USART_LINBreakDetectLengthConfig         0x08003437   Thumb Code    18  stm32f10x_usart.o(.text)
    USART_LINCmd                             0x08003449   Thumb Code    24  stm32f10x_usart.o(.text)
    USART_SendData                           0x08003461   Thumb Code     8  stm32f10x_usart.o(.text)
    USART_ReceiveData                        0x08003469   Thumb Code    10  stm32f10x_usart.o(.text)
    USART_SendBreak                          0x08003473   Thumb Code    10  stm32f10x_usart.o(.text)
    USART_SetGuardTime                       0x0800347d   Thumb Code    16  stm32f10x_usart.o(.text)
    USART_SetPrescaler                       0x0800348d   Thumb Code    16  stm32f10x_usart.o(.text)
    USART_SmartCardCmd                       0x0800349d   Thumb Code    24  stm32f10x_usart.o(.text)
    USART_SmartCardNACKCmd                   0x080034b5   Thumb Code    24  stm32f10x_usart.o(.text)
    USART_HalfDuplexCmd                      0x080034cd   Thumb Code    24  stm32f10x_usart.o(.text)
    USART_OverSampling8Cmd                   0x080034e5   Thumb Code    22  stm32f10x_usart.o(.text)
    USART_OneBitMethodCmd                    0x080034fb   Thumb Code    24  stm32f10x_usart.o(.text)
    USART_IrDAConfig                         0x08003513   Thumb Code    18  stm32f10x_usart.o(.text)
    USART_IrDACmd                            0x08003525   Thumb Code    24  stm32f10x_usart.o(.text)
    USART_GetFlagStatus                      0x0800353d   Thumb Code    26  stm32f10x_usart.o(.text)
    USART_ClearFlag                          0x08003557   Thumb Code    18  stm32f10x_usart.o(.text)
    USART_GetITStatus                        0x08003569   Thumb Code    84  stm32f10x_usart.o(.text)
    USART_ClearITPendingBit                  0x080035bd   Thumb Code    52  stm32f10x_usart.o(.text)
    ADC_DeInit                               0x080035f1   Thumb Code    78  stm32f10x_adc.o(.text)
    ADC_Init                                 0x0800363f   Thumb Code    70  stm32f10x_adc.o(.text)
    ADC_StructInit                           0x08003685   Thumb Code    18  stm32f10x_adc.o(.text)
    ADC_Cmd                                  0x08003697   Thumb Code    22  stm32f10x_adc.o(.text)
    ADC_DMACmd                               0x080036ad   Thumb Code    22  stm32f10x_adc.o(.text)
    ADC_ITConfig                             0x080036c3   Thumb Code    24  stm32f10x_adc.o(.text)
    ADC_ResetCalibration                     0x080036db   Thumb Code    10  stm32f10x_adc.o(.text)
    ADC_GetResetCalibrationStatus            0x080036e5   Thumb Code    20  stm32f10x_adc.o(.text)
    ADC_StartCalibration                     0x080036f9   Thumb Code    10  stm32f10x_adc.o(.text)
    ADC_GetCalibrationStatus                 0x08003703   Thumb Code    20  stm32f10x_adc.o(.text)
    ADC_SoftwareStartConvCmd                 0x08003717   Thumb Code    22  stm32f10x_adc.o(.text)
    ADC_GetSoftwareStartConvStatus           0x0800372d   Thumb Code    20  stm32f10x_adc.o(.text)
    ADC_DiscModeChannelCountConfig           0x08003741   Thumb Code    24  stm32f10x_adc.o(.text)
    ADC_DiscModeCmd                          0x08003759   Thumb Code    22  stm32f10x_adc.o(.text)
    ADC_RegularChannelConfig                 0x0800376f   Thumb Code   184  stm32f10x_adc.o(.text)
    ADC_ExternalTrigConvCmd                  0x08003827   Thumb Code    22  stm32f10x_adc.o(.text)
    ADC_GetConversionValue                   0x0800383d   Thumb Code     8  stm32f10x_adc.o(.text)
    ADC_GetDualModeConversionValue           0x08003845   Thumb Code     8  stm32f10x_adc.o(.text)
    ADC_AutoInjectedConvCmd                  0x0800384d   Thumb Code    22  stm32f10x_adc.o(.text)
    ADC_InjectedDiscModeCmd                  0x08003863   Thumb Code    22  stm32f10x_adc.o(.text)
    ADC_ExternalTrigInjectedConvConfig       0x08003879   Thumb Code    16  stm32f10x_adc.o(.text)
    ADC_ExternalTrigInjectedConvCmd          0x08003889   Thumb Code    22  stm32f10x_adc.o(.text)
    ADC_SoftwareStartInjectedConvCmd         0x0800389f   Thumb Code    22  stm32f10x_adc.o(.text)
    ADC_GetSoftwareStartInjectedConvCmdStatus 0x080038b5   Thumb Code    20  stm32f10x_adc.o(.text)
    ADC_InjectedChannelConfig                0x080038c9   Thumb Code   130  stm32f10x_adc.o(.text)
    ADC_InjectedSequencerLengthConfig        0x0800394b   Thumb Code    24  stm32f10x_adc.o(.text)
    ADC_SetInjectedOffset                    0x08003963   Thumb Code    20  stm32f10x_adc.o(.text)
    ADC_GetInjectedConversionValue           0x08003977   Thumb Code    28  stm32f10x_adc.o(.text)
    ADC_AnalogWatchdogCmd                    0x08003993   Thumb Code    16  stm32f10x_adc.o(.text)
    ADC_AnalogWatchdogThresholdsConfig       0x080039a3   Thumb Code     6  stm32f10x_adc.o(.text)
    ADC_AnalogWatchdogSingleChannelConfig    0x080039a9   Thumb Code    16  stm32f10x_adc.o(.text)
    ADC_TempSensorVrefintCmd                 0x080039b9   Thumb Code    64  stm32f10x_adc.o(.text)
    ADC_GetFlagStatus                        0x080039f9   Thumb Code    18  stm32f10x_adc.o(.text)
    ADC_ClearFlag                            0x08003a0b   Thumb Code     6  stm32f10x_adc.o(.text)
    ADC_GetITStatus                          0x08003a11   Thumb Code    36  stm32f10x_adc.o(.text)
    ADC_ClearITPendingBit                    0x08003a35   Thumb Code    10  stm32f10x_adc.o(.text)
    TIM_DeInit                               0x08003a41   Thumb Code   424  stm32f10x_tim.o(.text)
    TIM_TimeBaseInit                         0x08003be9   Thumb Code   122  stm32f10x_tim.o(.text)
    TIM_OC1Init                              0x08003c63   Thumb Code   132  stm32f10x_tim.o(.text)
    TIM_OC2Init                              0x08003ce7   Thumb Code   154  stm32f10x_tim.o(.text)
    TIM_OC3Init                              0x08003d81   Thumb Code   150  stm32f10x_tim.o(.text)
    TIM_OC4Init                              0x08003e17   Thumb Code   182  stm32f10x_tim.o(.text)
    TIM_SetIC4Prescaler                      0x08003ecd   Thumb Code    26  stm32f10x_tim.o(.text)
    TIM_SetIC3Prescaler                      0x08003f69   Thumb Code    18  stm32f10x_tim.o(.text)
    TIM_SetIC2Prescaler                      0x08003ff5   Thumb Code    26  stm32f10x_tim.o(.text)
    TIM_SetIC1Prescaler                      0x08004091   Thumb Code    18  stm32f10x_tim.o(.text)
    TIM_ICInit                               0x0800410f   Thumb Code   150  stm32f10x_tim.o(.text)
    TIM_PWMIConfig                           0x080041a5   Thumb Code   124  stm32f10x_tim.o(.text)
    TIM_BDTRConfig                           0x08004221   Thumb Code    32  stm32f10x_tim.o(.text)
    TIM_TimeBaseStructInit                   0x08004241   Thumb Code    18  stm32f10x_tim.o(.text)
    TIM_OCStructInit                         0x08004253   Thumb Code    20  stm32f10x_tim.o(.text)
    TIM_ICStructInit                         0x08004267   Thumb Code    18  stm32f10x_tim.o(.text)
    TIM_BDTRStructInit                       0x08004279   Thumb Code    40  stm32f10x_tim.o(.text)
    TIM_Cmd                                  0x080042a1   Thumb Code    24  stm32f10x_tim.o(.text)
    TIM_CtrlPWMOutputs                       0x080042b9   Thumb Code    30  stm32f10x_tim.o(.text)
    TIM_ITConfig                             0x080042d7   Thumb Code    18  stm32f10x_tim.o(.text)
    TIM_GenerateEvent                        0x080042e9   Thumb Code     4  stm32f10x_tim.o(.text)
    TIM_DMAConfig                            0x080042ed   Thumb Code    10  stm32f10x_tim.o(.text)
    TIM_DMACmd                               0x080042f7   Thumb Code    18  stm32f10x_tim.o(.text)
    TIM_InternalClockConfig                  0x08004309   Thumb Code    12  stm32f10x_tim.o(.text)
    TIM_SelectInputTrigger                   0x08004315   Thumb Code    18  stm32f10x_tim.o(.text)
    TIM_ITRxExternalClockConfig              0x08004327   Thumb Code    24  stm32f10x_tim.o(.text)
    TIM_TIxExternalClockConfig               0x0800433f   Thumb Code    62  stm32f10x_tim.o(.text)
    TIM_ETRConfig                            0x0800437d   Thumb Code    28  stm32f10x_tim.o(.text)
    TIM_ETRClockMode1Config                  0x08004399   Thumb Code    54  stm32f10x_tim.o(.text)
    TIM_ETRClockMode2Config                  0x080043cf   Thumb Code    32  stm32f10x_tim.o(.text)
    TIM_PrescalerConfig                      0x080043ef   Thumb Code     6  stm32f10x_tim.o(.text)
    TIM_CounterModeConfig                    0x080043f5   Thumb Code    18  stm32f10x_tim.o(.text)
    TIM_EncoderInterfaceConfig               0x08004407   Thumb Code    66  stm32f10x_tim.o(.text)
    TIM_ForcedOC1Config                      0x08004449   Thumb Code    18  stm32f10x_tim.o(.text)
    TIM_ForcedOC2Config                      0x0800445b   Thumb Code    26  stm32f10x_tim.o(.text)
    TIM_ForcedOC3Config                      0x08004475   Thumb Code    18  stm32f10x_tim.o(.text)
    TIM_ForcedOC4Config                      0x08004487   Thumb Code    26  stm32f10x_tim.o(.text)
    TIM_ARRPreloadConfig                     0x080044a1   Thumb Code    24  stm32f10x_tim.o(.text)
    TIM_SelectCOM                            0x080044b9   Thumb Code    24  stm32f10x_tim.o(.text)
    TIM_SelectCCDMA                          0x080044d1   Thumb Code    24  stm32f10x_tim.o(.text)
    TIM_CCPreloadControl                     0x080044e9   Thumb Code    24  stm32f10x_tim.o(.text)
    TIM_OC1PreloadConfig                     0x08004501   Thumb Code    18  stm32f10x_tim.o(.text)
    TIM_OC2PreloadConfig                     0x08004513   Thumb Code    26  stm32f10x_tim.o(.text)
    TIM_OC3PreloadConfig                     0x0800452d   Thumb Code    18  stm32f10x_tim.o(.text)
    TIM_OC4PreloadConfig                     0x0800453f   Thumb Code    26  stm32f10x_tim.o(.text)
    TIM_OC1FastConfig                        0x08004559   Thumb Code    18  stm32f10x_tim.o(.text)
    TIM_OC2FastConfig                        0x0800456b   Thumb Code    26  stm32f10x_tim.o(.text)
    TIM_OC3FastConfig                        0x08004585   Thumb Code    18  stm32f10x_tim.o(.text)
    TIM_OC4FastConfig                        0x08004597   Thumb Code    26  stm32f10x_tim.o(.text)
    TIM_ClearOC1Ref                          0x080045b1   Thumb Code    18  stm32f10x_tim.o(.text)
    TIM_ClearOC2Ref                          0x080045c3   Thumb Code    24  stm32f10x_tim.o(.text)
    TIM_ClearOC3Ref                          0x080045db   Thumb Code    18  stm32f10x_tim.o(.text)
    TIM_ClearOC4Ref                          0x080045ed   Thumb Code    24  stm32f10x_tim.o(.text)
    TIM_OC1PolarityConfig                    0x08004605   Thumb Code    18  stm32f10x_tim.o(.text)
    TIM_OC1NPolarityConfig                   0x08004617   Thumb Code    18  stm32f10x_tim.o(.text)
    TIM_OC2PolarityConfig                    0x08004629   Thumb Code    26  stm32f10x_tim.o(.text)
    TIM_OC2NPolarityConfig                   0x08004643   Thumb Code    26  stm32f10x_tim.o(.text)
    TIM_OC3PolarityConfig                    0x0800465d   Thumb Code    26  stm32f10x_tim.o(.text)
    TIM_OC3NPolarityConfig                   0x08004677   Thumb Code    26  stm32f10x_tim.o(.text)
    TIM_OC4PolarityConfig                    0x08004691   Thumb Code    26  stm32f10x_tim.o(.text)
    TIM_CCxCmd                               0x080046ab   Thumb Code    30  stm32f10x_tim.o(.text)
    TIM_CCxNCmd                              0x080046c9   Thumb Code    30  stm32f10x_tim.o(.text)
    TIM_SelectOCxM                           0x080046e7   Thumb Code    82  stm32f10x_tim.o(.text)
    TIM_UpdateDisableConfig                  0x08004739   Thumb Code    24  stm32f10x_tim.o(.text)
    TIM_UpdateRequestConfig                  0x08004751   Thumb Code    24  stm32f10x_tim.o(.text)
    TIM_SelectHallSensor                     0x08004769   Thumb Code    24  stm32f10x_tim.o(.text)
    TIM_SelectOnePulseMode                   0x08004781   Thumb Code    18  stm32f10x_tim.o(.text)
    TIM_SelectOutputTrigger                  0x08004793   Thumb Code    18  stm32f10x_tim.o(.text)
    TIM_SelectSlaveMode                      0x080047a5   Thumb Code    18  stm32f10x_tim.o(.text)
    TIM_SelectMasterSlaveMode                0x080047b7   Thumb Code    18  stm32f10x_tim.o(.text)
    TIM_SetCounter                           0x080047c9   Thumb Code     4  stm32f10x_tim.o(.text)
    TIM_SetAutoreload                        0x080047cd   Thumb Code     4  stm32f10x_tim.o(.text)
    TIM_SetCompare1                          0x080047d1   Thumb Code     4  stm32f10x_tim.o(.text)
    TIM_SetCompare2                          0x080047d5   Thumb Code     4  stm32f10x_tim.o(.text)
    TIM_SetCompare3                          0x080047d9   Thumb Code     4  stm32f10x_tim.o(.text)
    TIM_SetCompare4                          0x080047dd   Thumb Code     6  stm32f10x_tim.o(.text)
    TIM_SetClockDivision                     0x080047e3   Thumb Code    18  stm32f10x_tim.o(.text)
    TIM_GetCapture1                          0x080047f5   Thumb Code     6  stm32f10x_tim.o(.text)
    TIM_GetCapture2                          0x080047fb   Thumb Code     6  stm32f10x_tim.o(.text)
    TIM_GetCapture3                          0x08004801   Thumb Code     6  stm32f10x_tim.o(.text)
    TIM_GetCapture4                          0x08004807   Thumb Code     8  stm32f10x_tim.o(.text)
    TIM_GetCounter                           0x0800480f   Thumb Code     6  stm32f10x_tim.o(.text)
    TIM_GetPrescaler                         0x08004815   Thumb Code     6  stm32f10x_tim.o(.text)
    TIM_GetFlagStatus                        0x0800481b   Thumb Code    18  stm32f10x_tim.o(.text)
    TIM_ClearFlag                            0x0800482d   Thumb Code     6  stm32f10x_tim.o(.text)
    TIM_GetITStatus                          0x08004833   Thumb Code    34  stm32f10x_tim.o(.text)
    TIM_ClearITPendingBit                    0x08004855   Thumb Code     6  stm32f10x_tim.o(.text)
    RTC_ITConfig                             0x0800485d   Thumb Code    26  stm32f10x_rtc.o(.text)
    RTC_EnterConfigMode                      0x08004877   Thumb Code    18  stm32f10x_rtc.o(.text)
    RTC_ExitConfigMode                       0x08004889   Thumb Code    20  stm32f10x_rtc.o(.text)
    RTC_GetCounter                           0x0800489d   Thumb Code    18  stm32f10x_rtc.o(.text)
    RTC_SetCounter                           0x080048af   Thumb Code    26  stm32f10x_rtc.o(.text)
    RTC_SetPrescaler                         0x080048c9   Thumb Code    28  stm32f10x_rtc.o(.text)
    RTC_SetAlarm                             0x080048e5   Thumb Code    26  stm32f10x_rtc.o(.text)
    RTC_GetDivider                           0x080048ff   Thumb Code    22  stm32f10x_rtc.o(.text)
    RTC_WaitForLastTask                      0x08004915   Thumb Code    18  stm32f10x_rtc.o(.text)
    RTC_WaitForSynchro                       0x08004927   Thumb Code    36  stm32f10x_rtc.o(.text)
    RTC_GetFlagStatus                        0x0800494b   Thumb Code    22  stm32f10x_rtc.o(.text)
    RTC_ClearFlag                            0x08004961   Thumb Code    16  stm32f10x_rtc.o(.text)
    RTC_GetITStatus                          0x08004971   Thumb Code    32  stm32f10x_rtc.o(.text)
    RTC_ClearITPendingBit                    0x08004991   Thumb Code    16  stm32f10x_rtc.o(.text)
    PWR_DeInit                               0x080049a5   Thumb Code    22  stm32f10x_pwr.o(.text)
    PWR_BackupAccessCmd                      0x080049bb   Thumb Code     6  stm32f10x_pwr.o(.text)
    PWR_PVDCmd                               0x080049c1   Thumb Code     6  stm32f10x_pwr.o(.text)
    PWR_PVDLevelConfig                       0x080049c7   Thumb Code    18  stm32f10x_pwr.o(.text)
    PWR_WakeUpPinCmd                         0x080049d9   Thumb Code     8  stm32f10x_pwr.o(.text)
    PWR_EnterSTOPMode                        0x080049e1   Thumb Code    54  stm32f10x_pwr.o(.text)
    PWR_EnterSTANDBYMode                     0x08004a17   Thumb Code    42  stm32f10x_pwr.o(.text)
    PWR_GetFlagStatus                        0x08004a41   Thumb Code    20  stm32f10x_pwr.o(.text)
    PWR_ClearFlag                            0x08004a55   Thumb Code    14  stm32f10x_pwr.o(.text)
    BKP_DeInit                               0x08004a71   Thumb Code    16  stm32f10x_bkp.o(.text)
    BKP_TamperPinLevelConfig                 0x08004a81   Thumb Code     6  stm32f10x_bkp.o(.text)
    BKP_TamperPinCmd                         0x08004a87   Thumb Code     8  stm32f10x_bkp.o(.text)
    BKP_ITConfig                             0x08004a8f   Thumb Code     8  stm32f10x_bkp.o(.text)
    BKP_RTCOutputConfig                      0x08004a97   Thumb Code    22  stm32f10x_bkp.o(.text)
    BKP_SetRTCCalibrationValue               0x08004aad   Thumb Code    22  stm32f10x_bkp.o(.text)
    BKP_WriteBackupRegister                  0x08004ac3   Thumb Code    24  stm32f10x_bkp.o(.text)
    BKP_ReadBackupRegister                   0x08004adb   Thumb Code    26  stm32f10x_bkp.o(.text)
    BKP_GetFlagStatus                        0x08004af5   Thumb Code    10  stm32f10x_bkp.o(.text)
    BKP_ClearFlag                            0x08004aff   Thumb Code    18  stm32f10x_bkp.o(.text)
    BKP_GetITStatus                          0x08004b11   Thumb Code    10  stm32f10x_bkp.o(.text)
    BKP_ClearITPendingBit                    0x08004b1b   Thumb Code    18  stm32f10x_bkp.o(.text)
    FLASH_SetLatency                         0x08004b35   Thumb Code    18  stm32f10x_flash.o(.text)
    FLASH_HalfCycleAccessCmd                 0x08004b47   Thumb Code    22  stm32f10x_flash.o(.text)
    FLASH_PrefetchBufferCmd                  0x08004b5d   Thumb Code    22  stm32f10x_flash.o(.text)
    FLASH_Unlock                             0x08004b73   Thumb Code    12  stm32f10x_flash.o(.text)
    FLASH_UnlockBank1                        0x08004b7f   Thumb Code    12  stm32f10x_flash.o(.text)
    FLASH_Lock                               0x08004b8b   Thumb Code    14  stm32f10x_flash.o(.text)
    FLASH_LockBank1                          0x08004b99   Thumb Code    14  stm32f10x_flash.o(.text)
    FLASH_GetBank1Status                     0x08004ba7   Thumb Code    48  stm32f10x_flash.o(.text)
    FLASH_WaitForLastOperation               0x08004bd7   Thumb Code    38  stm32f10x_flash.o(.text)
    FLASH_ErasePage                          0x08004bfd   Thumb Code    72  stm32f10x_flash.o(.text)
    FLASH_EraseAllPages                      0x08004c45   Thumb Code    68  stm32f10x_flash.o(.text)
    FLASH_WaitForLastBank1Operation          0x08004c89   Thumb Code    38  stm32f10x_flash.o(.text)
    FLASH_EraseAllBank1Pages                 0x08004caf   Thumb Code    68  stm32f10x_flash.o(.text)
    FLASH_GetReadOutProtectionStatus         0x08004cf3   Thumb Code    20  stm32f10x_flash.o(.text)
    FLASH_EraseOptionBytes                   0x08004d07   Thumb Code   150  stm32f10x_flash.o(.text)
    FLASH_ProgramWord                        0x08004d9d   Thumb Code   102  stm32f10x_flash.o(.text)
    FLASH_ProgramHalfWord                    0x08004e03   Thumb Code    60  stm32f10x_flash.o(.text)
    FLASH_ProgramOptionByteData              0x08004e3f   Thumb Code    72  stm32f10x_flash.o(.text)
    FLASH_EnableWriteProtection              0x08004e87   Thumb Code   200  stm32f10x_flash.o(.text)
    FLASH_ReadOutProtection                  0x08004f4f   Thumb Code   156  stm32f10x_flash.o(.text)
    FLASH_UserOptionByteConfig               0x08004feb   Thumb Code    88  stm32f10x_flash.o(.text)
    FLASH_GetUserOptionByte                  0x08005043   Thumb Code     8  stm32f10x_flash.o(.text)
    FLASH_GetWriteProtectionOptionByte       0x0800504b   Thumb Code     6  stm32f10x_flash.o(.text)
    FLASH_GetPrefetchBufferStatus            0x08005051   Thumb Code    20  stm32f10x_flash.o(.text)
    FLASH_ITConfig                           0x08005065   Thumb Code    26  stm32f10x_flash.o(.text)
    FLASH_GetFlagStatus                      0x0800507f   Thumb Code    42  stm32f10x_flash.o(.text)
    FLASH_ClearFlag                          0x080050a9   Thumb Code     6  stm32f10x_flash.o(.text)
    FLASH_GetStatus                          0x080050af   Thumb Code    48  stm32f10x_flash.o(.text)
    EXTI_DeInit                              0x080050f1   Thumb Code    28  stm32f10x_exti.o(.text)
    EXTI_Init                                0x0800510d   Thumb Code   142  stm32f10x_exti.o(.text)
    EXTI_StructInit                          0x0800519b   Thumb Code    16  stm32f10x_exti.o(.text)
    EXTI_GenerateSWInterrupt                 0x080051ab   Thumb Code    16  stm32f10x_exti.o(.text)
    EXTI_GetFlagStatus                       0x080051bb   Thumb Code    22  stm32f10x_exti.o(.text)
    EXTI_ClearFlag                           0x080051d1   Thumb Code     8  stm32f10x_exti.o(.text)
    EXTI_GetITStatus                         0x080051d9   Thumb Code    34  stm32f10x_exti.o(.text)
    EXTI_ClearITPendingBit                   0x080051fb   Thumb Code     8  stm32f10x_exti.o(.text)
    __aeabi_fdiv                             0x0800520d   Thumb Code   124  fdiv.o(.text)
    __aeabi_dmul                             0x08005289   Thumb Code   228  dmul.o(.text)
    __aeabi_i2f                              0x0800536d   Thumb Code    18  fflti.o(.text)
    __aeabi_d2iz                             0x0800537f   Thumb Code    62  dfixi.o(.text)
    __aeabi_f2d                              0x080053bd   Thumb Code    38  f2d.o(.text)
    __aeabi_uidiv                            0x080053e3   Thumb Code     0  uidiv.o(.text)
    __aeabi_uidivmod                         0x080053e3   Thumb Code    44  uidiv.o(.text)
    __aeabi_uldivmod                         0x0800540f   Thumb Code    98  uldiv.o(.text)
    __aeabi_llsr                             0x08005471   Thumb Code    32  llushr.o(.text)
    _ll_ushift_r                             0x08005471   Thumb Code     0  llushr.o(.text)
    __I$use$fp                               0x08005491   Thumb Code     0  iusefp.o(.text)
    _float_round                             0x08005491   Thumb Code    18  fepilogue.o(.text)
    _float_epilogue                          0x080054a3   Thumb Code    92  fepilogue.o(.text)
    _double_round                            0x080054ff   Thumb Code    30  depilogue.o(.text)
    _double_epilogue                         0x0800551d   Thumb Code   156  depilogue.o(.text)
    __aeabi_dadd                             0x080055b9   Thumb Code   322  dadd.o(.text)
    __aeabi_dsub                             0x080056fb   Thumb Code     6  dadd.o(.text)
    __aeabi_drsub                            0x08005701   Thumb Code     6  dadd.o(.text)
    __aeabi_ddiv                             0x08005707   Thumb Code   222  ddiv.o(.text)
    __aeabi_d2ulz                            0x080057e5   Thumb Code    48  dfixul.o(.text)
    __aeabi_cdrcmple                         0x08005815   Thumb Code    48  cdrcmple.o(.text)
    __scatterload                            0x08005845   Thumb Code    28  init.o(.text)
    __scatterload_rt2                        0x08005845   Thumb Code     0  init.o(.text)
    __aeabi_llsl                             0x08005869   Thumb Code    30  llshl.o(.text)
    _ll_shift_l                              0x08005869   Thumb Code     0  llshl.o(.text)
    __aeabi_lasr                             0x08005887   Thumb Code    36  llsshr.o(.text)
    _ll_sshift_r                             0x08005887   Thumb Code     0  llsshr.o(.text)
    __decompress                             0x080058ab   Thumb Code     0  __dczerorl2.o(.text)
    __decompress1                            0x080058ab   Thumb Code    86  __dczerorl2.o(.text)
    __0printf                                0x08005901   Thumb Code    22  printfa.o(i.__0printf)
    __1printf                                0x08005901   Thumb Code     0  printfa.o(i.__0printf)
    __2printf                                0x08005901   Thumb Code     0  printfa.o(i.__0printf)
    __c89printf                              0x08005901   Thumb Code     0  printfa.o(i.__0printf)
    printf                                   0x08005901   Thumb Code     0  printfa.o(i.__0printf)
    __0sprintf                               0x08005921   Thumb Code    34  printfa.o(i.__0sprintf)
    __1sprintf                               0x08005921   Thumb Code     0  printfa.o(i.__0sprintf)
    __2sprintf                               0x08005921   Thumb Code     0  printfa.o(i.__0sprintf)
    __c89sprintf                             0x08005921   Thumb Code     0  printfa.o(i.__0sprintf)
    sprintf                                  0x08005921   Thumb Code     0  printfa.o(i.__0sprintf)
    __scatterload_copy                       0x08005949   Thumb Code    14  handlers.o(i.__scatterload_copy)
    __scatterload_null                       0x08005957   Thumb Code     2  handlers.o(i.__scatterload_null)
    __scatterload_zeroinit                   0x08005959   Thumb Code    14  handlers.o(i.__scatterload_zeroinit)
    F6x8                                     0x0800620c   Data         552  oled_i2c.o(.constdata)
    F8X16                                    0x08006434   Data        1520  oled_i2c.o(.constdata)
    table_week                               0x08006a24   Data          12  rtc.o(.constdata)
    mon_table                                0x08006a30   Data          12  rtc.o(.constdata)
    Region$$Table$$Base                      0x08006a3c   Number         0  anon$$obj.o(Region$$Table)
    Region$$Table$$Limit                     0x08006a5c   Number         0  anon$$obj.o(Region$$Table)
    TEXT_Buffer                              0x20000000   Data           8  main.o(.data)
    Dis_mode                                 0x20000008   Data           1  main.o(.data)
    x                                        0x2000000a   Data           2  main.o(.data)
    y                                        0x2000000c   Data           2  main.o(.data)
    z                                        0x2000000e   Data           2  main.o(.data)
    SystemCoreClock                          0x20000010   Data           4  system_stm32f10x.o(.data)
    AHBPrescTable                            0x20000014   Data          16  system_stm32f10x.o(.data)
    Timer_Flag                               0x20000024   Data           1  timer.o(.data)
    update_flag                              0x20000025   Data           1  timer.o(.data)
    BPM                                      0x20000028   Data           4  timer.o(.data)
    Signal                                   0x2000002c   Data           4  timer.o(.data)
    IBI                                      0x20000030   Data           4  timer.o(.data)
    Pulse                                    0x20000034   Data           1  timer.o(.data)
    QS                                       0x20000035   Data           1  timer.o(.data)
    sampleCounter                            0x20000038   Data           4  timer.o(.data)
    lastBeatTime                             0x2000003c   Data           4  timer.o(.data)
    P                                        0x20000040   Data           4  timer.o(.data)
    T                                        0x20000044   Data           4  timer.o(.data)
    thresh                                   0x20000048   Data           4  timer.o(.data)
    amp                                      0x2000004c   Data           4  timer.o(.data)
    Num                                      0x20000050   Data           4  timer.o(.data)
    firstBeat                                0x20000054   Data           1  timer.o(.data)
    secondBeat                               0x20000055   Data           1  timer.o(.data)
    BUF                                      0x20000060   Data           6  adxl345.o(.data)
    F16x16                                   0x20000067   Data         960  oled_i2c.o(.data)
    BMP1                                     0x20000427   Data        1024  oled_i2c.o(.data)
    ADXL345_FLAG                             0x20000828   Data           1  pedometer.o(.data)
    bad_flag                                 0x20000829   Data           3  pedometer.o(.data)
    array0                                   0x2000082c   Data           6  pedometer.o(.data)
    array1                                   0x20000832   Data           6  pedometer.o(.data)
    array2                                   0x20000838   Data           6  pedometer.o(.data)
    array3                                   0x2000083e   Data           6  pedometer.o(.data)
    filter_out                               0x20000844   Data           6  pedometer.o(.data)
    max                                      0x2000084a   Data           6  pedometer.o(.data)
    min                                      0x20000850   Data           6  pedometer.o(.data)
    dc                                       0x20000856   Data           6  pedometer.o(.data)
    vpp                                      0x2000085c   Data           6  pedometer.o(.data)
    precision                                0x20000862   Data           6  pedometer.o(.data)
    sample_old                               0x20000868   Data           6  pedometer.o(.data)
    sample_new                               0x2000086e   Data           6  pedometer.o(.data)
    interval                                 0x20000874   Data           2  pedometer.o(.data)
    Regulation0                              0x20000876   Data           1  pedometer.o(.data)
    Regulation1                              0x20000877   Data           1  pedometer.o(.data)
    Regulation2                              0x20000878   Data           1  pedometer.o(.data)
    Regulation3                              0x20000879   Data           1  pedometer.o(.data)
    STEPS                                    0x2000087a   Data           2  pedometer.o(.data)
    STEPS_DIS                                0x2000087c   Data           1  pedometer.o(.data)
    Height                                   0x20000880   Data           4  pedometer.o(.data)
    Weight                                   0x20000884   Data           1  pedometer.o(.data)
    StepLen                                  0x20000888   Data           4  pedometer.o(.data)
    Speed                                    0x2000088c   Data           4  pedometer.o(.data)
    Dist                                     0x20000890   Data           4  pedometer.o(.data)
    Calories                                 0x20000894   Data           4  pedometer.o(.data)
    __stdout                                 0x200008a4   Data           4  usart.o(.data)
    rate                                     0x200008bc   Data          40  timer.o(.bss)
    calendar                                 0x200008e4   Data          10  rtc.o(.bss)
    STMFLASH_BUF                             0x200008ee   Data        1024  stmflash.o(.bss)
    __initial_sp                             0x200010f0   Data           0  startup_stm32f10x_md.o(STACK)



==============================================================================

Memory Map of the image

  Image Entry point : 0x080000ed

  Load Region LR_IROM1 (Base: 0x08000000, Size: 0x00007318, Max: 0x00010000, ABSOLUTE, COMPRESSED[0x00006e60])

    Execution Region ER_IROM1 (Exec base: 0x08000000, Load base: 0x08000000, Size: 0x00006a5c, Max: 0x00010000, ABSOLUTE)

    Exec Addr    Load Addr    Size         Type   Attr      Idx    E Section Name        Object

    0x08000000   0x08000000   0x000000ec   Data   RO          474    RESET               startup_stm32f10x_md.o
    0x080000ec   0x080000ec   0x00000000   Code   RO          625  * .ARM.Collect$$$$00000000  mc_w.l(entry.o)
    0x080000ec   0x080000ec   0x00000004   Code   RO          899    .ARM.Collect$$$$00000001  mc_w.l(entry2.o)
    0x080000f0   0x080000f0   0x00000004   Code   RO          902    .ARM.Collect$$$$00000004  mc_w.l(entry5.o)
    0x080000f4   0x080000f4   0x00000000   Code   RO          904    .ARM.Collect$$$$00000008  mc_w.l(entry7b.o)
    0x080000f4   0x080000f4   0x00000000   Code   RO          906    .ARM.Collect$$$$0000000A  mc_w.l(entry8b.o)
    0x080000f4   0x080000f4   0x00000008   Code   RO          907    .ARM.Collect$$$$0000000B  mc_w.l(entry9a.o)
    0x080000fc   0x080000fc   0x00000004   Code   RO          914    .ARM.Collect$$$$0000000E  mc_w.l(entry12b.o)
    0x08000100   0x08000100   0x00000000   Code   RO          909    .ARM.Collect$$$$0000000F  mc_w.l(entry10a.o)
    0x08000100   0x08000100   0x00000000   Code   RO          911    .ARM.Collect$$$$00000011  mc_w.l(entry11a.o)
    0x08000100   0x08000100   0x00000004   Code   RO          900    .ARM.Collect$$$$00002712  mc_w.l(entry2.o)
    0x08000104   0x08000104   0x00000614   Code   RO            1    .text               main.o
    0x08000718   0x08000718   0x0000001a   Code   RO          157    .text               stm32f10x_it.o
    0x08000732   0x08000732   0x00000002   PAD
    0x08000734   0x08000734   0x000001e0   Code   RO          198    .text               system_stm32f10x.o
    0x08000914   0x08000914   0x00000038   Code   RO          216    .text               led.o
    0x0800094c   0x0800094c   0x0000036c   Code   RO          228    .text               timer.o
    0x08000cb8   0x08000cb8   0x000000fc   Code   RO          250    .text               adc.o
    0x08000db4   0x08000db4   0x00000308   Code   RO          262    .text               adxl345.o
    0x080010bc   0x080010bc   0x00000554   Code   RO          284    .text               oled_i2c.o
    0x08001610   0x08001610   0x000004c0   Code   RO          301    .text               pedometer.o
    0x08001ad0   0x08001ad0   0x00000258   Code   RO          329    .text               ds18b20.o
    0x08001d28   0x08001d28   0x000004d0   Code   RO          341    .text               rtc.o
    0x080021f8   0x080021f8   0x00000458   Code   RO          361    .text               key.o
    0x08002650   0x08002650   0x00000144   Code   RO          382    .text               stmflash.o
    0x08002794   0x08002794   0x0000009c   Code   RO          397    .text               exti.o
    0x08002830   0x08002830   0x000000d4   Code   RO          412    .text               delay.o
    0x08002904   0x08002904   0x000000e4   Code   RO          443    .text               usart.o
    0x080029e8   0x080029e8   0x00000024   Code   RO          475    .text               startup_stm32f10x_md.o
    0x08002a0c   0x08002a0c   0x000000dc   Code   RO          479    .text               misc.o
    0x08002ae8   0x08002ae8   0x0000035c   Code   RO          491    .text               stm32f10x_gpio.o
    0x08002e44   0x08002e44   0x000003a4   Code   RO          503    .text               stm32f10x_rcc.o
    0x080031e8   0x080031e8   0x00000408   Code   RO          517    .text               stm32f10x_usart.o
    0x080035f0   0x080035f0   0x0000044e   Code   RO          529    .text               stm32f10x_adc.o
    0x08003a3e   0x08003a3e   0x00000002   PAD
    0x08003a40   0x08003a40   0x00000e1a   Code   RO          541    .text               stm32f10x_tim.o
    0x0800485a   0x0800485a   0x00000002   PAD
    0x0800485c   0x0800485c   0x00000148   Code   RO          565    .text               stm32f10x_rtc.o
    0x080049a4   0x080049a4   0x000000cc   Code   RO          577    .text               stm32f10x_pwr.o
    0x08004a70   0x08004a70   0x000000c4   Code   RO          589    .text               stm32f10x_bkp.o
    0x08004b34   0x08004b34   0x000005bc   Code   RO          601    .text               stm32f10x_flash.o
    0x080050f0   0x080050f0   0x0000011c   Code   RO          613    .text               stm32f10x_exti.o
    0x0800520c   0x0800520c   0x0000007c   Code   RO          889    .text               mf_w.l(fdiv.o)
    0x08005288   0x08005288   0x000000e4   Code   RO          891    .text               mf_w.l(dmul.o)
    0x0800536c   0x0800536c   0x00000012   Code   RO          893    .text               mf_w.l(fflti.o)
    0x0800537e   0x0800537e   0x0000003e   Code   RO          895    .text               mf_w.l(dfixi.o)
    0x080053bc   0x080053bc   0x00000026   Code   RO          897    .text               mf_w.l(f2d.o)
    0x080053e2   0x080053e2   0x0000002c   Code   RO          915    .text               mc_w.l(uidiv.o)
    0x0800540e   0x0800540e   0x00000062   Code   RO          917    .text               mc_w.l(uldiv.o)
    0x08005470   0x08005470   0x00000020   Code   RO          919    .text               mc_w.l(llushr.o)
    0x08005490   0x08005490   0x00000000   Code   RO          921    .text               mc_w.l(iusefp.o)
    0x08005490   0x08005490   0x0000006e   Code   RO          922    .text               mf_w.l(fepilogue.o)
    0x080054fe   0x080054fe   0x000000ba   Code   RO          924    .text               mf_w.l(depilogue.o)
    0x080055b8   0x080055b8   0x0000014e   Code   RO          926    .text               mf_w.l(dadd.o)
    0x08005706   0x08005706   0x000000de   Code   RO          928    .text               mf_w.l(ddiv.o)
    0x080057e4   0x080057e4   0x00000030   Code   RO          930    .text               mf_w.l(dfixul.o)
    0x08005814   0x08005814   0x00000030   Code   RO          932    .text               mf_w.l(cdrcmple.o)
    0x08005844   0x08005844   0x00000024   Code   RO          934    .text               mc_w.l(init.o)
    0x08005868   0x08005868   0x0000001e   Code   RO          936    .text               mc_w.l(llshl.o)
    0x08005886   0x08005886   0x00000024   Code   RO          938    .text               mc_w.l(llsshr.o)
    0x080058aa   0x080058aa   0x00000056   Code   RO          948    .text               mc_w.l(__dczerorl2.o)
    0x08005900   0x08005900   0x00000020   Code   RO          861    i.__0printf         mc_w.l(printfa.o)
    0x08005920   0x08005920   0x00000028   Code   RO          863    i.__0sprintf        mc_w.l(printfa.o)
    0x08005948   0x08005948   0x0000000e   Code   RO          942    i.__scatterload_copy  mc_w.l(handlers.o)
    0x08005956   0x08005956   0x00000002   Code   RO          943    i.__scatterload_null  mc_w.l(handlers.o)
    0x08005958   0x08005958   0x0000000e   Code   RO          944    i.__scatterload_zeroinit  mc_w.l(handlers.o)
    0x08005966   0x08005966   0x00000002   PAD
    0x08005968   0x08005968   0x00000184   Code   RO          868    i._fp_digits        mc_w.l(printfa.o)
    0x08005aec   0x08005aec   0x000006b4   Code   RO          869    i._printf_core      mc_w.l(printfa.o)
    0x080061a0   0x080061a0   0x00000024   Code   RO          870    i._printf_post_padding  mc_w.l(printfa.o)
    0x080061c4   0x080061c4   0x0000002e   Code   RO          871    i._printf_pre_padding  mc_w.l(printfa.o)
    0x080061f2   0x080061f2   0x0000000a   Code   RO          873    i._sputc            mc_w.l(printfa.o)
    0x080061fc   0x080061fc   0x00000010   Data   RO            2    .constdata          main.o
    0x0800620c   0x0800620c   0x00000818   Data   RO          285    .constdata          oled_i2c.o
    0x08006a24   0x08006a24   0x00000018   Data   RO          343    .constdata          rtc.o
    0x08006a3c   0x08006a3c   0x00000020   Data   RO          940    Region$$Table       anon$$obj.o


    Execution Region RW_IRAM1 (Exec base: 0x20000000, Load base: 0x08006a5c, Size: 0x000010f0, Max: 0x00005000, ABSOLUTE, COMPRESSED[0x00000404])

    Exec Addr    Load Addr    Size         Type   Attr      Idx    E Section Name        Object

    0x20000000   COMPRESSED   0x00000010   Data   RW            3    .data               main.o
    0x20000010   COMPRESSED   0x00000014   Data   RW          199    .data               system_stm32f10x.o
    0x20000024   COMPRESSED   0x0000003c   Data   RW          230    .data               timer.o
    0x20000060   COMPRESSED   0x00000007   Data   RW          263    .data               adxl345.o
    0x20000067   COMPRESSED   0x000007c0   Data   RW          286    .data               oled_i2c.o
    0x20000827   COMPRESSED   0x00000001   PAD
    0x20000828   COMPRESSED   0x00000071   Data   RW          302    .data               pedometer.o
    0x20000899   COMPRESSED   0x00000001   PAD
    0x2000089a   COMPRESSED   0x00000003   Data   RW          344    .data               rtc.o
    0x2000089d   COMPRESSED   0x00000001   PAD
    0x2000089e   COMPRESSED   0x00000004   Data   RW          413    .data               delay.o
    0x200008a2   COMPRESSED   0x00000002   PAD
    0x200008a4   COMPRESSED   0x00000004   Data   RW          444    .data               usart.o
    0x200008a8   COMPRESSED   0x00000014   Data   RW          504    .data               stm32f10x_rcc.o
    0x200008bc        -       0x00000028   Zero   RW          229    .bss                timer.o
    0x200008e4        -       0x0000000a   Zero   RW          342    .bss                rtc.o
    0x200008ee        -       0x00000400   Zero   RW          383    .bss                stmflash.o
    0x20000cee   COMPRESSED   0x00000002   PAD
    0x20000cf0        -       0x00000400   Zero   RW          472    STACK               startup_stm32f10x_md.o


==============================================================================

Image component sizes


      Code (inc. data)   RO Data    RW Data    ZI Data      Debug   Object Name

       252          8          0          0          0       1175   adc.o
       776         18          0          7          0       3854   adxl345.o
       212         18          0          4          0       1163   delay.o
       600         18          0          0          0       2591   ds18b20.o
       156          8          0          0          0        808   exti.o
      1112        136          0          0          0       1479   key.o
        56          6          0          0          0        547   led.o
      1556        200         16         16          0     272250   main.o
       220         22          0          0          0       1929   misc.o
      1364         26       2072       1984          0       5280   oled_i2c.o
      1216        128          0        113          0       3320   pedometer.o
      1232         74         24          3         10       4340   rtc.o
        36          8        236          0       1024        828   startup_stm32f10x_md.o
      1102         26          0          0          0      11169   stm32f10x_adc.o
       196          8          0          0          0       3624   stm32f10x_bkp.o
       284         10          0          0          0       2383   stm32f10x_exti.o
      1468         34          0          0          0       8334   stm32f10x_flash.o
       860         38          0          0          0       5861   stm32f10x_gpio.o
        26          0          0          0          0       1242   stm32f10x_it.o
       204         14          0          0          0       2019   stm32f10x_pwr.o
       932         36          0         20          0       9100   stm32f10x_rcc.o
       328          4          0          0          0       2786   stm32f10x_rtc.o
      3610         88          0          0          0      22968   stm32f10x_tim.o
      1032         22          0          0          0       8584   stm32f10x_usart.o
       324          8          0          0       1024       2890   stmflash.o
         0          0          0          0          0         32   sys.o
       480         38          0         20          0       1931   system_stm32f10x.o
       876         88          0         60         40       3235   timer.o
       228         10          0          4          0       3252   usart.o

    ----------------------------------------------------------------------
     20744       1094       2380       2236       2100     388974   Object Totals
         0          0         32          0          0          0   (incl. Generated)
         6          0          0          5          2          0   (incl. Padding)

    ----------------------------------------------------------------------

      Code (inc. data)   RO Data    RW Data    ZI Data      Debug   Library Member Name

        86          0          0          0          0          0   __dczerorl2.o
         0          0          0          0          0          0   entry.o
         0          0          0          0          0          0   entry10a.o
         0          0          0          0          0          0   entry11a.o
         4          0          0          0          0          0   entry12b.o
         8          4          0          0          0          0   entry2.o
         4          0          0          0          0          0   entry5.o
         0          0          0          0          0          0   entry7b.o
         0          0          0          0          0          0   entry8b.o
         8          4          0          0          0          0   entry9a.o
        30          0          0          0          0          0   handlers.o
        36          8          0          0          0         68   init.o
         0          0          0          0          0          0   iusefp.o
        30          0          0          0          0         68   llshl.o
        36          0          0          0          0         68   llsshr.o
        32          0          0          0          0         68   llushr.o
      2268         96          0          0          0        616   printfa.o
        44          0          0          0          0         80   uidiv.o
        98          0          0          0          0         92   uldiv.o
        48          0          0          0          0         68   cdrcmple.o
       334          0          0          0          0        148   dadd.o
       222          0          0          0          0        100   ddiv.o
       186          0          0          0          0        176   depilogue.o
        62          0          0          0          0         80   dfixi.o
        48          0          0          0          0         68   dfixul.o
       228          0          0          0          0         96   dmul.o
        38          0          0          0          0         68   f2d.o
       124          0          0          0          0         88   fdiv.o
       110          0          0          0          0        168   fepilogue.o
        18          0          0          0          0         68   fflti.o

    ----------------------------------------------------------------------
      4104        112          0          0          0       2188   Library Totals
         2          0          0          0          0          0   (incl. Padding)

    ----------------------------------------------------------------------

      Code (inc. data)   RO Data    RW Data    ZI Data      Debug   Library Name

      2684        112          0          0          0       1060   mc_w.l
      1418          0          0          0          0       1128   mf_w.l

    ----------------------------------------------------------------------
      4104        112          0          0          0       2188   Library Totals

    ----------------------------------------------------------------------

==============================================================================


      Code (inc. data)   RO Data    RW Data    ZI Data      Debug   

     24848       1206       2380       2236       2100     387494   Grand Totals
     24848       1206       2380       1028       2100     387494   ELF Image Totals (compressed)
     24848       1206       2380       1028          0          0   ROM Totals

==============================================================================

    Total RO  Size (Code + RO Data)                27228 (  26.59kB)
    Total RW  Size (RW Data + ZI Data)              4336 (   4.23kB)
    Total ROM Size (Code + RO Data + RW Data)      28256 (  27.59kB)

==============================================================================

