<html>
<body>
<pre>
<h1>礦ision Build Log</h1>
<h2>Tool Versions:</h2>
IDE-Version: μVision V5.36.0.0
Copyright (C) 2021 ARM Ltd and ARM Germany GmbH. All rights reserved.
License Information: 11 Kevin Fu, 11, LIC=X96CK-ZB162-Z9RG9-4P3VS-2GW9I-C975H
 
Tool Versions:
Toolchain:       MDK-ARM Plus  Version: 5.36.0.0
Toolchain Path:  D:\Keil5.36\ARM\ARMCC\Bin
C Compiler:      Armcc.exe V5.06 update 7 (build 960)
Assembler:       Armasm.exe V5.06 update 7 (build 960)
Linker/Locator:  ArmLink.exe V5.06 update 7 (build 960)
Library Manager: ArmAr.exe V5.06 update 7 (build 960)
Hex Converter:   FromElf.exe V5.06 update 7 (build 960)
CPU DLL:         SARMCM3.DLL V5.36.0.0
Dialog DLL:      DCM.DLL V1.17.3.0
Target DLL:      STLink\ST-LINKIII-KEIL_SWO.dll V3.0.9.0
Dialog DLL:      TCM.DLL V1.53.0.0
 
<h2>Project:</h2>
F:\1产业工程\电控\6.项目实例\22.智能手环\2-源程序（C语言kEIL编写含word版）\1-keil C语言程序\USER\STM32.uvprojx
Project File Date:  08/25/2023

<h2>Output:</h2>
*** Using Compiler 'V5.06 update 7 (build 960)', folder: 'D:\Keil5.36\ARM\ARMCC\Bin'
Rebuild target 'Project'
compiling system_stm32f10x.c...
compiling stm32f10x_it.c...
compiling led.c...
compiling ADC.C...
compiling main.c...
compiling timer.c...
..\HARDWARE\Timer\timer.c(43): warning:  #177-D: variable "t"  was declared but never referenced
  	static unsigned char t = 0;
..\HARDWARE\Timer\timer.c: 1 warning, 0 errors
compiling adxl345.c...
compiling OLED_I2C.c...
compiling ds18b20.c...
compiling stmflash.c...
compiling exti.c...
compiling rtc.c...
compiling delay.c...
compiling Pedometer.c...
assembling startup_stm32f10x_md.s...
compiling key.c...
compiling sys.c...
compiling usart.c...
..\SYSTEM\usart\usart.c(93): warning:  #550-D: variable "res"  was set but never used
  	char res = 0;
..\SYSTEM\usart\usart.c: 1 warning, 0 errors
compiling misc.c...
compiling core_cm3.c...
compiling stm32f10x_gpio.c...
compiling stm32f10x_rcc.c...
compiling stm32f10x_usart.c...
compiling stm32f10x_adc.c...
compiling stm32f10x_i2c.c...
compiling stm32f10x_rtc.c...
compiling stm32f10x_tim.c...
compiling stm32f10x_pwr.c...
compiling stm32f10x_exti.c...
compiling stm32f10x_bkp.c...
compiling stm32f10x_flash.c...
linking...
Program Size: Code=24848 RO-data=2380 RW-data=2236 ZI-data=2100  
FromELF: creating hex file...
"..\OBJ\Project.axf" - 0 Error(s), 2 Warning(s).

<h2>Software Packages used:</h2>

Package Vendor: Keil
                http://www.keil.com/pack/Keil.STM32F1xx_DFP.2.4.0.pack
                Keil.STM32F1xx_DFP.2.4.0
                STMicroelectronics STM32F1 Series Device Support, Drivers and Examples

<h2>Collection of Component include folders:</h2>
  D:\Keil5.36\ARM\PACK\Keil\STM32F1xx_DFP\2.4.0\Device\Include

<h2>Collection of Component Files used:</h2>
Build Time Elapsed:  00:00:09
</pre>
</body>
</html>
